2026-09-05 16:02:48 gcp_spot_supervisor start poll=120s project=project-amer-scs-sandbox
2026-09-05 16:02:52 fm-gate0-socrates-l4: status=RUNNING
2026-09-05 16:02:59 fm-gate0-socrates-l4: worker dead — relaunching
2026-09-05 16:03:01 fm-gate0-socrates-l4: relaunch issued
2026-09-05 16:03:19 fm-gate0-socrates-l4: post-relaunch healthy=False
2026-09-05 16:03:23 fm-gate0-befm: status=RUNNING
2026-09-05 16:03:29 fm-gate0-befm: worker healthy
2026-09-05 16:03:32 fm-gate0-minitaur: status=RUNNING
2026-09-05 16:03:37 fm-gate0-minitaur: worker healthy
2026-09-05 16:05:40 fm-gate0-socrates-l4: status=RUNNING
2026-09-05 16:05:45 fm-gate0-socrates-l4: worker dead — relaunching
2026-09-05 16:05:47 fm-gate0-socrates-l4: relaunch issued
2026-09-05 16:06:06 fm-gate0-socrates-l4: post-relaunch healthy=False
2026-09-05 16:06:08 fm-gate0-befm: status=RUNNING
2026-09-05 16:06:19 fm-gate0-befm: worker healthy
2026-09-05 16:06:22 fm-gate0-minitaur: status=RUNNING
2026-09-05 16:06:32 fm-gate0-minitaur: worker healthy
2026-09-05 16:08:41 fm-gate0-socrates-l4: status=RUNNING
2026-09-05 16:08:50 fm-gate0-socrates-l4: worker dead — relaunching
2026-09-05 16:08:57 fm-gate0-socrates-l4: relaunch issued
2026-09-05 16:09:26 fm-gate0-socrates-l4: post-relaunch healthy=False
2026-09-05 16:09:30 fm-gate0-befm: status=RUNNING
2026-09-05 16:09:38 fm-gate0-befm: worker healthy
2026-09-05 16:09:42 fm-gate0-minitaur: status=RUNNING
2026-09-05 16:09:49 fm-gate0-minitaur: worker healthy
2026-09-05 16:12:06 fm-gate0-socrates-l4: status=RUNNING
2026-09-05 16:12:31 fm-gate0-socrates-l4: worker dead — relaunching
2026-09-05 16:12:34 fm-gate0-socrates-l4: relaunch issued
2026-09-05 16:12:40 gcp_spot_supervisor start poll=120s project=project-amer-scs-sandbox
2026-09-05 16:12:42 fm-gate0-socrates-l4: status=RUNNING
2026-09-05 16:12:56 fm-gate0-socrates-l4: worker healthy
2026-09-05 16:13:04 fm-gate0-befm: status=RUNNING
2026-09-05 16:13:19 fm-gate0-befm: worker healthy
2026-09-05 16:13:25 fm-gate0-minitaur: status=RUNNING
2026-09-05 16:13:39 fm-gate0-minitaur: worker healthy
2026-09-05 16:15:52 fm-gate0-socrates-l4: status=RUNNING
2026-09-05 16:16:05 fm-gate0-socrates-l4: worker healthy
2026-09-05 16:16:08 fm-gate0-befm: status=RUNNING
2026-09-05 16:16:13 fm-gate0-befm: worker healthy
2026-09-05 16:16:16 fm-gate0-minitaur: status=RUNNING
2026-09-05 16:16:22 fm-gate0-minitaur: worker healthy
2026-09-05 16:18:24 fm-gate0-socrates-l4: status=RUNNING
2026-09-05 16:18:30 fm-gate0-socrates-l4: worker healthy
2026-09-05 16:18:33 fm-gate0-befm: status=RUNNING
2026-09-05 16:18:38 fm-gate0-befm: worker healthy
2026-09-05 16:18:42 fm-gate0-minitaur: status=RUNNING
2026-09-05 16:18:48 fm-gate0-minitaur: worker healthy
2026-09-05 16:20:50 fm-gate0-socrates-l4: status=RUNNING
2026-09-05 16:20:56 fm-gate0-socrates-l4: worker healthy
2026-09-05 16:20:58 fm-gate0-befm: status=RUNNING
2026-09-05 16:21:03 fm-gate0-befm: worker healthy
2026-09-05 16:21:05 fm-gate0-minitaur: status=RUNNING
2026-09-05 16:21:10 fm-gate0-minitaur: worker healthy
2026-09-05 16:23:12 fm-gate0-socrates-l4: status=RUNNING
2026-09-05 16:23:16 fm-gate0-socrates-l4: worker healthy
2026-09-05 16:23:18 fm-gate0-befm: status=RUNNING
2026-09-05 16:23:22 fm-gate0-befm: worker healthy
2026-09-05 16:23:25 fm-gate0-minitaur: status=RUNNING
2026-09-05 16:23:30 fm-gate0-minitaur: worker healthy
2026-09-05 16:25:31 fm-gate0-socrates-l4: status=RUNNING
2026-09-05 16:25:36 fm-gate0-socrates-l4: worker healthy
2026-09-05 16:25:38 fm-gate0-befm: status=RUNNING
2026-09-05 16:25:43 fm-gate0-befm: worker healthy
2026-09-05 16:25:44 fm-gate0-minitaur: status=RUNNING
2026-09-05 16:25:50 fm-gate0-minitaur: worker healthy
2026-09-05 16:27:52 fm-gate0-socrates-l4: status=RUNNING
2026-09-05 16:27:56 fm-gate0-socrates-l4: worker healthy
2026-09-05 16:27:58 fm-gate0-befm: status=RUNNING
2026-09-05 16:28:03 fm-gate0-befm: worker healthy
2026-09-05 16:28:04 fm-gate0-minitaur: status=RUNNING
2026-09-05 16:28:16 fm-gate0-minitaur: worker healthy
2026-09-05 16:30:18 fm-gate0-socrates-l4: status=RUNNING
2026-09-05 16:30:23 fm-gate0-socrates-l4: worker healthy
2026-09-05 16:30:25 fm-gate0-befm: status=RUNNING
2026-09-05 16:30:31 fm-gate0-befm: worker healthy
2026-09-05 16:30:32 fm-gate0-minitaur: status=RUNNING
2026-09-05 16:30:40 fm-gate0-minitaur: worker healthy
2026-09-05 16:32:42 fm-gate0-socrates-l4: status=TERMINATED
2026-09-05 16:32:42 fm-gate0-socrates-l4: starting (was preempted/stopped)
2026-09-05 16:32:45 fm-gate0-socrates-l4: start FAILED: Starting instance(s) fm-gate0-socrates-l4...
......failed.
ERROR: (gcloud.compute.instances.start) ---
code: ZONE_RESOURCE_POOL_EXHAUSTED_WITH_DETAILS
errorDetails:
- help:
    links:
    - description: Troubleshooting documentation
      url: https://cloud.google.com/compute/docs/resource-error
- l
2026-09-05 16:32:48 fm-gate0-befm: status=RUNNING
2026-09-05 16:32:54 fm-gate0-befm: worker healthy
2026-09-05 16:32:56 fm-gate0-minitaur: status=RUNNING
2026-09-05 16:33:02 fm-gate0-minitaur: worker healthy
2026-09-05 16:35:04 fm-gate0-socrates-l4: status=TERMINATED
2026-09-05 16:35:04 fm-gate0-socrates-l4: starting (was preempted/stopped)
2026-09-05 16:35:14 fm-gate0-socrates-l4: start requested OK
2026-09-05 16:35:51 fm-gate0-socrates-l4: worker healthy
2026-09-05 16:35:53 fm-gate0-befm: status=RUNNING
2026-09-05 16:35:58 fm-gate0-befm: worker healthy
2026-09-05 16:36:01 fm-gate0-minitaur: status=RUNNING
2026-09-05 16:36:06 fm-gate0-minitaur: worker healthy
2026-09-05 16:38:08 fm-gate0-socrates-l4: status=RUNNING
2026-09-05 16:38:14 fm-gate0-socrates-l4: worker healthy
2026-09-05 16:38:15 fm-gate0-befm: status=RUNNING
2026-09-05 16:38:21 fm-gate0-befm: worker healthy
2026-09-05 16:38:24 fm-gate0-minitaur: status=RUNNING
2026-09-05 16:38:29 fm-gate0-minitaur: worker healthy
2026-09-05 16:40:31 fm-gate0-socrates-l4: status=RUNNING
2026-09-05 16:40:36 fm-gate0-socrates-l4: worker healthy
2026-09-05 16:40:38 fm-gate0-befm: status=RUNNING
2026-09-05 16:40:43 fm-gate0-befm: worker healthy
2026-09-05 16:40:44 fm-gate0-minitaur: status=RUNNING
2026-09-05 16:40:50 fm-gate0-minitaur: worker healthy
2026-09-05 16:42:52 fm-gate0-socrates-l4: status=RUNNING
2026-09-05 16:42:57 fm-gate0-socrates-l4: worker healthy
2026-09-05 16:42:58 fm-gate0-befm: status=RUNNING
2026-09-05 16:43:04 fm-gate0-befm: worker healthy
2026-09-05 16:43:06 fm-gate0-minitaur: status=RUNNING
2026-09-05 16:43:12 fm-gate0-minitaur: worker healthy
2026-09-05 16:45:13 fm-gate0-socrates-l4: status=RUNNING
2026-09-05 16:45:19 fm-gate0-socrates-l4: worker healthy
2026-09-05 16:45:21 fm-gate0-befm: status=RUNNING
2026-09-05 16:45:25 fm-gate0-befm: worker healthy
2026-09-05 16:45:27 fm-gate0-minitaur: status=RUNNING
2026-09-05 16:45:32 fm-gate0-minitaur: worker healthy
2026-09-05 16:47:34 fm-gate0-socrates-l4: status=RUNNING
2026-09-05 16:47:40 fm-gate0-socrates-l4: worker healthy
2026-09-05 16:47:43 fm-gate0-befm: status=RUNNING
2026-09-05 16:47:47 fm-gate0-befm: worker healthy
2026-09-05 16:47:49 fm-gate0-minitaur: status=RUNNING
2026-09-05 16:47:54 fm-gate0-minitaur: worker healthy
2026-09-05 16:49:56 fm-gate0-socrates-l4: status=RUNNING
2026-09-05 16:50:02 fm-gate0-socrates-l4: worker healthy
2026-09-05 16:50:04 fm-gate0-befm: status=RUNNING
2026-09-05 16:50:09 fm-gate0-befm: worker healthy
2026-09-05 16:50:11 fm-gate0-minitaur: status=RUNNING
2026-09-05 16:50:16 fm-gate0-minitaur: worker healthy
2026-09-05 16:52:17 fm-gate0-socrates-l4: status=RUNNING
2026-09-05 16:52:25 fm-gate0-socrates-l4: worker healthy
2026-09-05 16:52:27 fm-gate0-befm: status=RUNNING
2026-09-05 16:52:31 fm-gate0-befm: worker healthy
2026-09-05 16:52:33 fm-gate0-minitaur: status=RUNNING
2026-09-05 16:52:37 fm-gate0-minitaur: worker healthy
2026-09-05 16:54:39 fm-gate0-socrates-l4: status=RUNNING
2026-09-05 16:54:45 fm-gate0-socrates-l4: worker healthy
2026-09-05 16:54:46 fm-gate0-befm: status=RUNNING
2026-09-05 16:54:51 fm-gate0-befm: worker healthy
2026-09-05 16:54:53 fm-gate0-minitaur: status=RUNNING
2026-09-05 16:54:58 fm-gate0-minitaur: worker healthy
2026-09-05 16:57:00 fm-gate0-socrates-l4: status=RUNNING
2026-09-05 16:57:05 fm-gate0-socrates-l4: worker healthy
2026-09-05 16:57:07 fm-gate0-befm: status=RUNNING
2026-09-05 16:57:13 fm-gate0-befm: worker healthy
2026-09-05 16:57:15 fm-gate0-minitaur: status=RUNNING
2026-09-05 16:57:31 fm-gate0-minitaur: worker healthy
2026-09-05 16:59:34 fm-gate0-socrates-l4: status=RUNNING
2026-09-05 16:59:39 fm-gate0-socrates-l4: worker healthy
2026-09-05 16:59:41 fm-gate0-befm: status=RUNNING
2026-09-05 16:59:47 fm-gate0-befm: worker healthy
2026-09-05 16:59:49 fm-gate0-minitaur: status=RUNNING
2026-09-05 16:59:54 fm-gate0-minitaur: worker healthy
2026-09-05 17:01:57 fm-gate0-socrates-l4: status=TERMINATED
2026-09-05 17:01:57 fm-gate0-socrates-l4: starting (was preempted/stopped)
2026-09-05 17:02:08 fm-gate0-socrates-l4: start requested OK
2026-09-05 17:02:44 fm-gate0-socrates-l4: worker healthy
2026-09-05 17:02:46 fm-gate0-befm: status=RUNNING
2026-09-05 17:02:51 fm-gate0-befm: worker healthy
2026-09-05 17:02:53 fm-gate0-minitaur: status=RUNNING
2026-09-05 17:02:58 fm-gate0-minitaur: worker healthy
2026-09-05 17:05:00 fm-gate0-socrates-l4: status=RUNNING
2026-09-05 17:05:05 fm-gate0-socrates-l4: worker healthy
2026-09-05 17:05:07 fm-gate0-befm: status=RUNNING
2026-09-05 17:05:13 fm-gate0-befm: worker healthy
2026-09-05 17:05:15 fm-gate0-minitaur: status=RUNNING
2026-09-05 17:05:20 fm-gate0-minitaur: worker healthy
2026-09-05 17:07:22 fm-gate0-socrates-l4: status=RUNNING
2026-09-05 17:07:27 fm-gate0-socrates-l4: worker healthy
2026-09-05 17:07:29 fm-gate0-befm: status=RUNNING
2026-09-05 17:07:34 fm-gate0-befm: worker healthy
2026-09-05 17:07:36 fm-gate0-minitaur: status=RUNNING
2026-09-05 17:07:41 fm-gate0-minitaur: worker healthy
2026-09-05 17:09:43 fm-gate0-socrates-l4: status=RUNNING
2026-09-05 17:09:49 fm-gate0-socrates-l4: worker healthy
2026-09-05 17:09:50 fm-gate0-befm: status=RUNNING
2026-09-05 17:09:55 fm-gate0-befm: worker healthy
2026-09-05 17:09:57 fm-gate0-minitaur: status=RUNNING
2026-09-05 17:10:03 fm-gate0-minitaur: worker healthy
2026-09-05 17:12:04 fm-gate0-socrates-l4: status=RUNNING
2026-09-05 17:12:11 fm-gate0-socrates-l4: worker healthy
2026-09-05 17:12:12 fm-gate0-befm: status=RUNNING
2026-09-05 17:12:18 fm-gate0-befm: worker healthy
2026-09-05 17:12:20 fm-gate0-minitaur: status=RUNNING
2026-09-05 17:12:27 fm-gate0-minitaur: worker healthy
2026-09-05 17:14:29 fm-gate0-socrates-l4: status=RUNNING
2026-09-05 17:14:36 fm-gate0-socrates-l4: worker healthy
2026-09-05 17:14:38 fm-gate0-befm: status=RUNNING
2026-09-05 17:14:43 fm-gate0-befm: worker healthy
2026-09-05 17:14:45 fm-gate0-minitaur: status=RUNNING
2026-09-05 17:14:51 fm-gate0-minitaur: worker healthy
2026-09-05 17:16:52 fm-gate0-socrates-l4: status=RUNNING
2026-09-05 17:16:58 fm-gate0-socrates-l4: worker healthy
2026-09-05 17:17:00 fm-gate0-befm: status=RUNNING
2026-09-05 17:17:05 fm-gate0-befm: worker healthy
2026-09-05 17:17:07 fm-gate0-minitaur: status=RUNNING
2026-09-05 17:17:12 fm-gate0-minitaur: worker healthy
2026-09-05 17:19:14 fm-gate0-socrates-l4: status=RUNNING
2026-09-05 17:19:19 fm-gate0-socrates-l4: worker healthy
2026-09-05 17:19:22 fm-gate0-befm: status=RUNNING
2026-09-05 17:19:27 fm-gate0-befm: worker healthy
2026-09-05 17:19:29 fm-gate0-minitaur: status=RUNNING
2026-09-05 17:19:35 fm-gate0-minitaur: worker healthy
2026-09-05 17:21:37 fm-gate0-socrates-l4: status=RUNNING
2026-09-05 17:21:43 fm-gate0-socrates-l4: worker healthy
2026-09-05 17:21:45 fm-gate0-befm: status=RUNNING
2026-09-05 17:21:51 fm-gate0-befm: worker healthy
2026-09-05 17:21:53 fm-gate0-minitaur: status=RUNNING
2026-09-05 17:21:59 fm-gate0-minitaur: worker healthy
2026-09-05 17:24:01 fm-gate0-socrates-l4: status=RUNNING
2026-09-05 17:24:07 fm-gate0-socrates-l4: worker healthy
2026-09-05 17:24:08 fm-gate0-befm: status=RUNNING
2026-09-05 17:24:15 fm-gate0-befm: worker healthy
2026-09-05 17:24:18 fm-gate0-minitaur: status=RUNNING
2026-09-05 17:24:24 fm-gate0-minitaur: worker healthy
2026-09-05 17:26:26 fm-gate0-socrates-l4: status=RUNNING
2026-09-05 17:26:31 fm-gate0-socrates-l4: worker healthy
2026-09-05 17:26:34 fm-gate0-befm: status=RUNNING
2026-09-05 17:26:39 fm-gate0-befm: worker dead — relaunching
2026-09-05 17:26:42 fm-gate0-befm: relaunch issued
2026-09-05 17:26:59 fm-gate0-befm: post-relaunch healthy=True
2026-09-05 17:27:01 fm-gate0-minitaur: status=RUNNING
2026-09-05 17:27:05 fm-gate0-minitaur: worker healthy
2026-09-05 17:29:07 fm-gate0-socrates-l4: status=RUNNING
2026-09-05 17:29:13 fm-gate0-socrates-l4: worker healthy
2026-09-05 17:29:15 fm-gate0-befm: status=RUNNING
2026-09-05 17:29:20 fm-gate0-befm: worker healthy
2026-09-05 17:29:22 fm-gate0-minitaur: status=RUNNING
2026-09-05 17:29:28 fm-gate0-minitaur: worker healthy
2026-09-05 17:31:30 fm-gate0-socrates-l4: status=RUNNING
2026-09-05 17:31:36 fm-gate0-socrates-l4: worker healthy
2026-09-05 17:31:38 fm-gate0-befm: status=RUNNING
2026-09-05 17:31:44 fm-gate0-befm: worker healthy
2026-09-05 17:31:45 fm-gate0-minitaur: status=RUNNING
2026-09-05 17:31:50 fm-gate0-minitaur: worker healthy
2026-09-05 17:33:52 fm-gate0-socrates-l4: status=RUNNING
2026-09-05 17:33:58 fm-gate0-socrates-l4: worker healthy
2026-09-05 17:34:00 fm-gate0-befm: status=RUNNING
2026-09-05 17:34:06 fm-gate0-befm: worker healthy
2026-09-05 17:34:10 fm-gate0-minitaur: status=RUNNING
2026-09-05 17:34:16 fm-gate0-minitaur: worker healthy
2026-09-05 17:36:18 fm-gate0-socrates-l4: status=RUNNING
2026-09-05 17:36:26 fm-gate0-socrates-l4: worker healthy
2026-09-05 17:36:28 fm-gate0-befm: status=RUNNING
2026-09-05 17:36:35 fm-gate0-befm: worker healthy
2026-09-05 17:36:37 fm-gate0-minitaur: status=RUNNING
2026-09-05 17:36:44 fm-gate0-minitaur: worker healthy
2026-09-05 17:38:47 fm-gate0-socrates-l4: status=RUNNING
2026-09-05 17:38:55 fm-gate0-socrates-l4: worker healthy
2026-09-05 17:38:58 fm-gate0-befm: status=RUNNING
2026-09-05 17:39:03 fm-gate0-befm: worker healthy
2026-09-05 17:39:05 fm-gate0-minitaur: status=RUNNING
2026-09-05 17:39:11 fm-gate0-minitaur: worker healthy
2026-09-05 17:41:14 fm-gate0-socrates-l4: status=RUNNING
2026-09-05 17:41:23 fm-gate0-socrates-l4: worker healthy
2026-09-05 17:41:27 fm-gate0-befm: status=RUNNING
2026-09-05 17:41:35 fm-gate0-befm: worker healthy
2026-09-05 17:41:36 fm-gate0-minitaur: status=RUNNING
2026-09-05 17:41:44 fm-gate0-minitaur: worker healthy
2026-09-05 17:43:48 fm-gate0-socrates-l4: status=RUNNING
