==> Creating usersim-signup-260905-134917 (e2-standard-8, disk=50G, limit=3)
Created [https://www.googleapis.com/compute/v1/projects/project-amer-scs-sandbox/zones/us-central1-b/instances/usersim-signup-260905-134917].
WARNING: Some requests generated warnings:
 - Disk size: '50 GB' is larger than image size: '10 GB'. You might need to resize the root repartition manually if the operating system does not support automatic resizing. See https://cloud.google.com/compute/docs/disks/add-persistent-disk#resize_pd for details.
 - You are creating a global DNS VM. VM instances using global DNS are vulnerable to cross-regional outages. To reduce the risk of widespread service disruption, use zonal DNS instead. Learn more at https://cloud.google.com/compute/docs/networking/zonal-dns?utm_id=vm-insert

NAME                          ZONE           MACHINE_TYPE   PREEMPTIBLE  INTERNAL_IP  EXTERNAL_IP     STATUS
usersim-signup-260905-134917  us-central1-b  e2-standard-8               10.0.1.38    34.122.201.131  RUNNING
==> Waiting for SSH
up
WARNING: 

To increase the performance of the tunnel, consider installing NumPy. For instructions,
please see https://cloud.google.com/iap/docs/using-tcp-forwarding#increasing_the_tcp_upload_bandwidth

up
==> Packing payload
-rw-------@ 1 shreyaspatel  staff   540K Sep  5 13:50 /var/folders/84/s00l1jsd4r768z2pkmdqkk_00000gn/T/usersim-signup.XXXXXX.tgz.owKktWA8AF
==> Uploading tarball
WARNING: 

To increase the performance of the tunnel, consider installing NumPy. For instructions,
please see https://cloud.google.com/iap/docs/using-tcp-forwarding#increasing_the_tcp_upload_bandwidth

WARNING: 

To increase the performance of the tunnel, consider installing NumPy. For instructions,
please see https://cloud.google.com/iap/docs/using-tcp-forwarding#increasing_the_tcp_upload_bandwidth

==> Remote setup + signup batch
WARNING: 

To increase the performance of the tunnel, consider installing NumPy. For instructions,
please see https://cloud.google.com/iap/docs/using-tcp-forwarding#increasing_the_tcp_upload_bandwidth

==> extract
==> stop apt noise
==> apt via GCE mirror + uv python (avoid hung archive.ubuntu.com)
Python 3.12.3
/usr/bin/Xvfb
Xvfb ok
==> uv + venv
downloading uv 0.12.10 x86_64-unknown-linux-gnu
installing to /home/shreyaspatel/.local/bin
  uv
  uvx
everything's installed!

To add $HOME/.local/bin to your PATH, either restart your shell or run:

    source $HOME/.local/bin/env (sh, bash, zsh)
    source $HOME/.local/bin/env.fish (fish)
Using CPython 3.12.3 interpreter at: /usr/bin/python3.12
Creating virtual environment at: .venv
Activate with: source .venv/bin/activate
==> playwright chromium
Downloading Chrome for Testing 151.0.7922.34 (playwright chromium v1234) from https://cdn.playwright.dev/builds/cft/151.0.7922.34/linux64/chrome-linux64.zip
|                                                                                |   0% of 184.3 MiB
|■■■■■■■■                                                                        |  10% of 184.3 MiB
|■■■■■■■■■■■■■■■■                                                                |  20% of 184.3 MiB
|■■■■■■■■■■■■■■■■■■■■■■■■                                                        |  30% of 184.3 MiB
|■■■■■■■■■■■■■■■■■■■■■■■■■■■■■■■■                                                |  40% of 184.3 MiB
|■■■■■■■■■■■■■■■■■■■■■■■■■■■■■■■■■■■■■■■■                                        |  50% of 184.3 MiB
|■■■■■■■■■■■■■■■■■■■■■■■■■■■■■■■■■■■■■■■■■■■■■■■■                                |  60% of 184.3 MiB
|■■■■■■■■■■■■■■■■■■■■■■■■■■■■■■■■■■■■■■■■■■■■■■■■■■■■■■■■                        |  70% of 184.3 MiB
|■■■■■■■■■■■■■■■■■■■■■■■■■■■■■■■■■■■■■■■■■■■■■■■■■■■■■■■■■■■■■■■■                |  80% of 184.3 MiB
|■■■■■■■■■■■■■■■■■■■■■■■■■■■■■■■■■■■■■■■■■■■■■■■■■■■■■■■■■■■■■■■■■■■■■■■■        |  90% of 184.3 MiB
|■■■■■■■■■■■■■■■■■■■■■■■■■■■■■■■■■■■■■■■■■■■■■■■■■■■■■■■■■■■■■■■■■■■■■■■■■■■■■■■■| 100% of 184.3 MiB
Chrome for Testing 151.0.7922.34 (playwright chromium v1234) downloaded to /home/shreyaspatel/.cache/ms-playwright/chromium-1234
Downloading FFmpeg (playwright ffmpeg v1011) from https://cdn.playwright.dev/dbazure/download/playwright/builds/ffmpeg/1011/ffmpeg-linux.zip
|                                                                                |   0% of 2.3 MiB
|■■■■■■■■                                                                        |  10% of 2.3 MiB
|■■■■■■■■■■■■■■■■                                                                |  20% of 2.3 MiB
|■■■■■■■■■■■■■■■■■■■■■■■■                                                        |  30% of 2.3 MiB
|■■■■■■■■■■■■■■■■■■■■■■■■■■■■■■■■                                                |  40% of 2.3 MiB
|■■■■■■■■■■■■■■■■■■■■■■■■■■■■■■■■■■■■■■■■                                        |  50% of 2.3 MiB
|■■■■■■■■■■■■■■■■■■■■■■■■■■■■■■■■■■■■■■■■■■■■■■■■                                |  60% of 2.3 MiB
|■■■■■■■■■■■■■■■■■■■■■■■■■■■■■■■■■■■■■■■■■■■■■■■■■■■■■■■■                        |  70% of 2.3 MiB
|■■■■■■■■■■■■■■■■■■■■■■■■■■■■■■■■■■■■■■■■■■■■■■■■■■■■■■■■■■■■■■■■                |  80% of 2.3 MiB
|■■■■■■■■■■■■■■■■■■■■■■■■■■■■■■■■■■■■■■■■■■■■■■■■■■■■■■■■■■■■■■■■■■■■■■■■        |  90% of 2.3 MiB
|■■■■■■■■■■■■■■■■■■■■■■■■■■■■■■■■■■■■■■■■■■■■■■■■■■■■■■■■■■■■■■■■■■■■■■■■■■■■■■■■| 100% of 2.3 MiB
FFmpeg (playwright ffmpeg v1011) downloaded to /home/shreyaspatel/.cache/ms-playwright/ffmpeg-1011
Downloading Chrome Headless Shell 151.0.7922.34 (playwright chromium-headless-shell v1234) from https://cdn.playwright.dev/builds/cft/151.0.7922.34/linux64/chrome-headless-shell-linux64.zip
|                                                                                |   0% of 114.7 MiB
|■■■■■■■■                                                                        |  10% of 114.7 MiB
|■■■■■■■■■■■■■■■■                                                                |  20% of 114.7 MiB
|■■■■■■■■■■■■■■■■■■■■■■■■                                                        |  30% of 114.7 MiB
|■■■■■■■■■■■■■■■■■■■■■■■■■■■■■■■■                                                |  40% of 114.7 MiB
|■■■■■■■■■■■■■■■■■■■■■■■■■■■■■■■■■■■■■■■■                                        |  50% of 114.7 MiB
|■■■■■■■■■■■■■■■■■■■■■■■■■■■■■■■■■■■■■■■■■■■■■■■■                                |  60% of 114.7 MiB
|■■■■■■■■■■■■■■■■■■■■■■■■■■■■■■■■■■■■■■■■■■■■■■■■■■■■■■■■                        |  70% of 114.7 MiB
|■■■■■■■■■■■■■■■■■■■■■■■■■■■■■■■■■■■■■■■■■■■■■■■■■■■■■■■■■■■■■■■■                |  80% of 114.7 MiB
|■■■■■■■■■■■■■■■■■■■■■■■■■■■■■■■■■■■■■■■■■■■■■■■■■■■■■■■■■■■■■■■■■■■■■■■■        |  90% of 114.7 MiB
|■■■■■■■■■■■■■■■■■■■■■■■■■■■■■■■■■■■■■■■■■■■■■■■■■■■■■■■■■■■■■■■■■■■■■■■■■■■■■■■■| 100% of 114.7 MiB
Chrome Headless Shell 151.0.7922.34 (playwright chromium-headless-shell v1234) downloaded to /home/shreyaspatel/.cache/ms-playwright/chromium_headless_shell-1234
==> display
==> MVP_CHROME_PATH=/home/shreyaspatel/.cache/ms-playwright/chromium-1234/chrome-linux64/chrome
Google Chrome for Testing 151.0.7922.34 
==> START signup batch limit=3 parallel=6 targets='figma.com loom.com dropbox.com zoom.us buffer.com calendly.com todoist.com airtable.com canva.com miro.com coda.io webflow.com github.com gitlab.com reddit.com medium.com bitwarden.com linear.app'
signup targets=18 parallel=6
  [1/18] FAIL figma.com -> no_result
  [2/18] FAIL loom.com -> no_result
  [3/18] FAIL calendly.com -> no_result
  [4/18] FAIL zoom.us -> no_result
  [5/18] FAIL dropbox.com -> no_result
  [6/18] FAIL airtable.com -> no_result
  [7/18] FAIL canva.com -> no_result
  [8/18] FAIL coda.io -> no_result
  [9/18] FAIL todoist.com -> no_result
  [10/18] FAIL miro.com -> no_result
  [11/18] FAIL webflow.com -> no_result
  [12/18] FAIL github.com -> no_result
  [13/18] FAIL medium.com -> no_result
  [14/18] FAIL gitlab.com -> no_result
  [15/18] FAIL reddit.com -> no_result
  [16/18] FAIL bitwarden.com -> no_result
  [17/18] FAIL linear.app -> no_result
