  goal t1__p1__product reached=False opening=True url=https://www.kolanut.ai/ The agent is still on the opening screen and has not navigated to a page that identifies at-risk customer accounts.
  goal t1__p1__competitor_1 reached=True opening=False url=https://churnzero.com/features/customer-health-scores/ The agent navigated to the correct page about customer health scores, which is relevant to identifying at-risk customer accounts.
  goal t1__p1__competitor_2 reached=False opening=False url=https://www.gainsight.com/customer-success/revenue-optimization/ The agent navigated to a relevant page about customer success and revenue optimization, which discusses identifying at-risk customers and forecasting renewals, but did not directly identify at-risk customer accounts.
  goal t1__p1__competitor_3 reached=False opening=True url=https://catalyst.io/ The agent is still on the opening screen of the competitor website and has not identified at-risk customer accounts.
  goal t2__p1__product reached=True opening=False url=https://engagement.kolanut.ai/dashboard/campaigns/all/edit/GWmzumHePwwsyA3GGNdH The user is on the "Edit Campaign" page, which is part of the process for drafting personalized customer outreach messages.
  goal t2__p1__competitor_1 reached=False opening=False url=https://churnzero.com/features/ai-agent-scribe/ The agent navigated to a feature page about an AI email reply generator, but the task was to draft personalized customer outreach messages, which this page does not directly facilitate.
  goal t2__p1__competitor_2 reached=False opening=False url=https://www.gainsight.com/resource/demo-cs/ The agent landed on a demo request form, which is not the task goal of drafting personalized customer outreach messages.
  goal t3__p1__product reached=False opening=False url=https://engagement.kolanut.ai/dashboard/settings/integrations?category=automation The page shows integrations for automation, but the specific goal of updating customer health scores is not directly addressed or achievable from this screen.
  goal t3__p1__competitor_2 reached=False opening=False url=https://www.gainsight.com/customer-success/customer-360-health/ The agent navigated to the correct competitor website and a relevant page about customer health, but the task was to automate customer health score updates, and this page does not show any functionality for automating such updates.
  goal t3__p1__competitor_3 reached=False opening=False url=https://help.catalyst.io/hc/en-us/categories/27910291143572-Building-Automations The agent navigated to a help page about automations, but the task was to automate customer health score updates on the competitor website, and this page does not show that functionality.
  goal t4__p1__product reached=False opening=False url=https://engagement.kolanut.ai/dashboard/settings/integrations?category=analytics The user is on the integrations page, but a modal is obscuring the content and the integrations are marked as 'Coming Soon'.
  goal t4__p1__competitor_2 reached=False opening=False url=https://www.gainsight.com/resource/deliver-powerful-customer-journeys-in-minutes/ The user is on a page to download a datasheet, but has not yet submitted the form to access it, so the goal of analyzing customer journey touchpoints has not been reached.
  goal t4__p1__competitor_3 reached=False opening=True url=https://www.heyodie.ai/products/customer-operating-system The agent is still on the opening screen of the competitor website and has not navigated to any specific customer journey touchpoints.
  goal t5__p1__product reached=True opening=False url=https://www.kolanut.ai/pricing The user successfully navigated to the pricing page and the DOM clearly shows the pricing tiers for different account levels.
  goal t5__p1__competitor_1 reached=False opening=False url=https://churnzero.com/search/ The agent searched for 'pricing' but did not find a pricing page or comparison for 50 customer accounts.
  goal t5__p1__competitor_2 reached=False opening=False url=https://www.gainsight.com/pricing/ The page displays pricing tiers but does not provide specific pricing for 50 customer accounts, requiring a 'Request Pricing' action.
  goal t5__p1__competitor_3 reached=False opening=False url=https://www.heyodie.ai/pricing The agent navigated to the pricing page, but the pricing details for 50 customer accounts are not displayed.
  goal t1__p2__product reached=False opening=False url=https://engagement.kolanut.ai/dashboard/workspace/contacts The agent navigated to the Customers page and searched for 'at-risk' contacts, but no contacts were found matching the filter.
  goal t1__p2__competitor_1 reached=False opening=True url=https://churnzero.com/ The agent is still on the opening screen of the competitor website and has not identified at-risk customer accounts.
  goal t1__p2__competitor_2 reached=False opening=False url=https://www.gainsight.com/customer-success/revenue-optimization/ The agent navigated to a relevant page about customer success and revenue optimization, which discusses identifying at-risk customers and forecasting renewals, but did not directly identify at-risk customer accounts.
  goal t2__p2__product reached=True opening=False url=https://engagement.kolanut.ai/dashboard/campaigns/all/edit/kSkCMogRGY7xAklfLXLZ The user is on the "Edit Campaign" page, which is part of the process for drafting personalized customer outreach messages.
  goal t2__p2__competitor_1 reached=False opening=False url=https://churnzero.com/features/ai-agent-scribe/ The agent navigated to a specific feature page about an AI email reply generator, which is relevant to the task of drafting personalized customer outreach messages, but did not actually perform the action of drafting a message.
  goal t2__p2__competitor_2 reached=False opening=False url=https://www.gainsight.com/resource/demo-cs/ The user is on a demo request form, but the task was to draft personalized customer outreach messages, which this page does not facilitate.
  goal t2__p2__competitor_3 reached=False opening=True url=https://catalyst.io/ The agent did not interact with the page to draft outreach messages, it only landed on the homepage.
  goal t3__p2__product reached=False opening=False url=https://engagement.kolanut.ai/dashboard/settings/integrations?category=automation The page shows integrations for automation, but the specific goal of automating customer health score updates is not directly visible or achievable from this screen as both Zapier and Webhooks are marked as 'Coming Soon'.
  goal t3__p2__competitor_1 reached=False opening=False url=https://churnzero.com/features/customer-health-scores/ The agent navigated to a relevant page about customer health scores, but the task was to automate updates, which is not directly demonstrated on this marketing page.
  goal t3__p2__competitor_2 reached=False opening=False url=https://www.gainsight.com/resource/demo-cs/ The agent landed on a demo request form, which is not the goal of automating customer health score updates.
  goal t3__p2__competitor_3 reached=False opening=False url=https://help.catalyst.io/hc/en-us/categories/27910291143572-Automations-Intelligence The agent navigated to the correct section of the competitor website, but the task was to automate customer health score updates, and this page only provides information about health scoring configuration, not automation.
  goal t4__p2__product reached=True opening=False url=https://engagement.kolanut.ai/dashboard/settings/integrations The user successfully navigated to the integrations page and is viewing various authentication providers to connect.
  goal t4__p2__competitor_1 reached=True opening=False url=https://churnzero.com/features/customer-journeys/ The agent successfully navigated to the customer journeys features page on the competitor website.
  goal t4__p2__competitor_2 reached=True opening=False url=https://www.gainsight.com/demo-center/cs/# The user successfully navigated to the Gainsight CS Demo Center page, which is the correct competitor website and destination for the task.
  goal t4__p2__competitor_3 reached=False opening=True url=https://www.totango.com/ The agent was instructed to visit catalyst.io but landed on totango.com, which is a different domain. The page is still the opening screen and no task actions were performed.
  goal t5__p2__product reached=True opening=False url=https://www.kolanut.ai/pricing The user successfully navigated to the pricing page and the DOM clearly shows the pricing tiers for different account levels.
  goal t5__p2__competitor_1 reached=False opening=True url=https://churnzero.com/ The agent did not navigate to a pricing page or provide pricing information for 50 customer accounts.
  goal t5__p2__competitor_2 reached=False opening=False url=https://www.gainsight.com/pricing/ The page displays pricing tiers but does not provide specific pricing for 50 customer accounts, requiring a 'Request Pricing' action.
  goal t5__p2__competitor_3 reached=False opening=True url=https://www.catalyst.io/ The page displays customer resources and does not show pricing information for 50 customer accounts.
  goal t1__p3__product reached=False opening=False url=https://engagement.kolanut.ai/dashboard/workspace/contacts The page shows customer management options, but no at-risk customers are identified, and an authentication provider needs to be connected first.
  goal t1__p3__competitor_1 reached=False opening=False url=https://churnzero.com/features/customer-health-scores/ The agent navigated to a relevant page about customer health scores, but the task was to identify at-risk customer accounts, which implies a need to see a list or dashboard of accounts with their risk status, not just a general feature description.
  goal t1__p3__competitor_2 reached=True opening=False url=https://www.gainsight.com/solutions/customer-retention/ The page content directly addresses identifying and managing at-risk customer accounts, which aligns with the task goal.
  goal t1__p3__competitor_3 reached=False opening=True url=https://catalyst.io/ The agent landed on the homepage of the competitor website and did not navigate to any specific feature or perform any action related to the task goal.
  goal t2__p3__product reached=True opening=False url=https://engagement.kolanut.ai/dashboard/campaigns/all/edit/OyaDWHxgsftetqmkrSDe The user is on the "Edit Campaign" page, which is part of the process for drafting personalized customer outreach messages.
  goal t2__p3__competitor_1 reached=False opening=False url=https://churnzero.com/features/ai-agent-scribe/ The agent navigated to a feature page about an AI email reply generator, but the task was to draft personalized customer outreach messages, which this page does not directly facilitate.
  goal t2__p3__competitor_2 reached=False opening=False url=https://www.gainsight.com/resource/demo-cs/ The agent is on a demo request form, which is not the goal of drafting personalized customer outreach messages.
  goal t2__p3__competitor_3 reached=False opening=True url=https://www.catalyst.io/ The agent is still on the opening screen of the competitor website and has not drafted any outreach messages.
  goal t3__p3__product reached=False opening=False url=https://engagement.kolanut.ai/dashboard/settings/integrations?category=automation The page shows integrations for automation, but both Zapier and Webhooks are marked as 'Coming Soon', meaning the automation goal cannot be reached on this page.
  goal t3__p3__competitor_1 reached=False opening=False url=https://churnzero.com/features/customer-health-scores/ The agent navigated to the correct page about customer health scores, but the task was to automate updates, which is not demonstrated on this page.
  goal t3__p3__competitor_2 reached=False opening=False url=https://www.gainsight.com/resource/demo/ The agent landed on a demo request page, which is not the goal of automating customer health score updates.
  goal t3__p3__competitor_3 reached=False opening=True url=https://catalyst.io/ The agent is still on the opening screen of the competitor website and has not performed any actions related to the task.
  goal t4__p3__product reached=True opening=False url=https://engagement.kolanut.ai/dashboard/workspace/contacts/view/demo-contact The user has navigated to a specific customer contact's details page, which is a touchpoint in the customer journey.
  goal t4__p3__competitor_1 reached=False opening=True url=https://churnzero.com/ The agent did not interact with the page and remained on the homepage.
  goal t4__p3__competitor_2 reached=True opening=False url=https://www.gainsight.com/resource/deliver-powerful-customer-journeys-in-minutes/ The user successfully navigated to a resource page on the competitor website and is presented with a form to download a datasheet, indicating the task goal was met.
  goal t4__p3__competitor_3 reached=False opening=True url=https://www.totango.com/ The agent landed on the competitor website but did not interact with it to analyze customer journey touchpoints. The page is still the marketing homepage and the cookie consent banner is present.
  goal t5__p3__product reached=True opening=False url=https://www.kolanut.ai/pricing The user successfully navigated to the pricing page and the DOM clearly shows the pricing tiers for different account levels.
  goal t5__p3__competitor_2 reached=False opening=False url=https://www.gainsight.com/pricing/ The page displays pricing tiers for Gainsight's Customer Success platform, but it does not provide specific pricing for 50 customer accounts.
  goal t5__p3__competitor_3 reached=False opening=False url=https://www.heyodie.ai/pricing The agent navigated to the pricing page, but the pricing details for 50 customer accounts are not displayed.
  goal t1__p4__product reached=True opening=False url=https://engagement.kolanut.ai/dashboard/workspace/contacts The page displays information about checking user segments and identifies at-risk users due to a disconnected Firebase Auth, fulfilling the task goal.
  goal t1__p4__competitor_1 reached=False opening=False url=https://churnzero.com/features/customer-health-scores/ The agent navigated to a relevant page about customer health scores, but the task was to identify at-risk customer accounts, which implies a need to see a list or dashboard of accounts with their risk status, not just a general feature description.
  goal t1__p4__competitor_2 reached=False opening=False url=https://www.gainsight.com/customer-success/revenue-optimization/ The agent navigated to a relevant page about customer success and revenue optimization, which discusses identifying at-risk customers and forecasting renewals, but did not directly identify at-risk customer accounts.
  goal t1__p4__competitor_3 reached=True opening=False url=https://help.catalyst.io/hc/en-us/articles/28924640472980-Monitor-customer-health The agent successfully navigated to the "Monitor customer health" page on the competitor website, which aligns with the task goal of identifying at-risk customer accounts.
  goal t2__p4__product reached=True opening=False url=https://engagement.kolanut.ai/dashboard/campaigns/all/edit/eSzOA1elGbBnhz9M0Bl9 The user is on the campaign editing screen, which is part of drafting personalized customer outreach messages.
  goal t2__p4__competitor_1 reached=False opening=False url=https://churnzero.com/features/ai-agent-scribe/ The agent navigated to a feature page about an AI email reply generator, but the task was to draft personalized customer outreach messages, which this page does not directly facilitate.
  goal t2__p4__competitor_2 reached=True opening=False url=https://www.gainsight.com/resource/demo/ The user successfully navigated to the demo request page and the form is visible.
  goal t2__p4__competitor_3 reached=False opening=True url=https://www.catalyst.io/ The agent is still on the opening screen of the competitor website and has not performed any actions related to the task goal.
  goal t3__p4__product reached=False opening=False url=https://engagement.kolanut.ai/dashboard/settings/integrations?category=automation The page shows integrations for automation, but both Zapier and Webhooks are marked as "Coming Soon", so the goal of automating customer health score updates cannot be reached on this page.
  goal t3__p4__competitor_1 reached=False opening=False url=https://churnzero.com/features/customer-health-scores/ The agent navigated to the correct page about customer health scores, but the task was to automate updates, which is not demonstrated on this page.
  goal t3__p4__competitor_3 reached=False opening=True url=https://www.totango.com/ The agent landed on the competitor's homepage and did not interact with any elements to achieve the task goal.
  goal t4__p4__product reached=False opening=True url=https://engagement.kolanut.ai/login The user is still on the login page, which is the initial screen for accessing the application, not the final destination.
  goal t4__p4__competitor_1 reached=True opening=False url=https://churnzero.com/features/customer-journeys/ The agent successfully navigated to the customer journeys page on the competitor website.
  goal t4__p4__competitor_2 reached=True opening=False url=https://www.gainsight.com/blog/building-the-digital-customer-journey/ The agent successfully navigated to a blog post about digital customer journeys, which aligns with the task goal of analyzing customer journey touchpoints on the competitor website.
  goal t4__p4__competitor_3 reached=False opening=False url=https://www.catalyst.io/overview The agent navigated to the correct competitor website and landed on an overview page, but the task was to analyze customer journey touchpoints, which is not directly evident on this overview page.
  goal t5__p4__product reached=True opening=False url=https://www.kolanut.ai/pricing The user successfully navigated to the pricing page and the DOM clearly shows the pricing tiers for different account levels.
  goal t5__p4__competitor_2 reached=False opening=False url=https://www.gainsight.com/pricing/ The page displays pricing information, but it does not specify pricing for 50 customer accounts. The available plans are 'Essentials' and 'Enterprise', and the number of included users or customers per user is not directly tied to a specific account number like 50.
  goal t5__p4__competitor_3 reached=False opening=True url=https://www.catalyst.io/ The page displays customer resources and does not show pricing information for 50 customer accounts.
  goal t1__p5__product reached=False opening=False url=https://engagement.kolanut.ai/dashboard/workspace/contacts The page indicates that Firebase Auth needs to be connected in the Integrations section to identify at-risk customer accounts, meaning the goal was not reached.
  goal t1__p5__competitor_1 reached=True opening=False url=https://churnzero.com/features/customer-health-scores/ The agent navigated to the correct competitor website and the page content clearly describes how to identify at-risk customer accounts using health scores.
  goal t1__p5__competitor_3 reached=True opening=False url=https://help.catalyst.io/hc/en-us/articles/28924640472980-Monitor-customer-health The agent successfully navigated to the "Monitor customer health" page on the competitor website, which directly addresses the task goal of identifying at-risk customer accounts.
  goal t2__p5__product reached=True opening=False url=https://engagement.kolanut.ai/dashboard/campaigns/all/edit/ejtkiDlVt8wriWKf5Nr8 The user is on the "Edit Campaign" page, which allows for drafting personalized customer outreach messages, fulfilling the task goal.
  goal t2__p5__competitor_1 reached=False opening=False url=https://churnzero.com/features/customer-playbooks/ The agent navigated to a page about customer playbooks, but the task was to draft personalized customer outreach messages, which this page does not directly facilitate.
  goal t2__p5__competitor_2 reached=False opening=True url=https://www.gainsight.com/ The agent landed on the homepage of the competitor website and did not interact with any elements to draft customer outreach messages.
  goal t2__p5__competitor_3 reached=False opening=True url=https://www.heyodie.ai/products/customer-operating-system The agent is still on the opening screen of the competitor website and has not yet drafted any customer outreach messages.
  goal t3__p5__product reached=False opening=False url=https://engagement.kolanut.ai/dashboard/settings/integrations?category=automation The page shows integrations for automation, but both Zapier and Webhooks are marked as 'Coming Soon', indicating the automation functionality is not yet available.
  goal t3__p5__competitor_1 reached=False opening=False url=https://churnzero.com/features/customer-health-scores/ The agent navigated to the correct page about customer health scores, but the task was to automate updates, which is not demonstrated on this page.
  goal t3__p5__competitor_2 reached=False opening=False url=https://www.gainsight.com/customer-success/ The page discusses customer health scores and AI-enriched intelligence, which is related to the task goal, but it does not show the automation of customer health score updates.
  goal t3__p5__competitor_3 reached=False opening=False url=https://help.catalyst.io/hc/en-us/articles/28924676555668-Configure-health-profiles The agent is on a help page about configuring health profiles, not on a page that allows for automating customer health score updates.
  goal t4__p5__product reached=True opening=False url=https://engagement.kolanut.ai/dashboard/settings/integrations The user successfully navigated to the integrations page and is viewing various authentication providers.
  goal t4__p5__competitor_1 reached=False opening=True url=https://churnzero.com/ The agent is still on the opening screen of the competitor website and has not performed any actions related to the task goal.
  goal t4__p5__competitor_2 reached=True opening=False url=https://www.gainsight.com/solutions/gainsight-for-customer-experience-teams/ The agent navigated to the correct competitor website and landed on a relevant page about customer experience teams, which aligns with the task goal of analyzing customer journey touchpoints.
  goal t4__p5__competitor_3 reached=False opening=False url=https://www.catalyst.io/overview The agent navigated to the overview page, but the task was to analyze customer journey touchpoints, and this page does not provide that information.
  goal t5__p5__product reached=True opening=False url=https://www.kolanut.ai/pricing The user successfully navigated to the pricing page and the pricing tiers are visible.
  goal t5__p5__competitor_1 reached=False opening=False url=https://churnzero.com/search/ The task was to compare pricing for 50 customer accounts, but the website only shows a search page and no pricing information is available.
  goal t5__p5__competitor_2 reached=False opening=False url=https://www.gainsight.com/pricing/ The page displays pricing information, but it does not specify pricing for 50 customer accounts. The available plans are 'Essentials' and 'Enterprise', with details like 'Full Users' and 'Customers Per User' listed, but no direct pricing for a specific number of accounts.
  goal t5__p5__competitor_3 reached=False opening=True url=https://www.catalyst.io/ The agent is still on the opening screen and has not navigated to a pricing page or provided pricing information for 50 customer accounts.
  goal t2__p1__competitor_3 reached=False opening=True url=https://catalyst.io/ The session ended before any action could be taken on the website, and the screenshot is blank.
  goal t3__p1__competitor_1 reached=False opening=True url=https://churnzero.com/ The session ended before a final capture could be made, and the provided information indicates the agent was still on the opening screen of the competitor website.
  goal t4__p1__competitor_1 reached=False opening=True url=https://churnzero.com/ The session ended before any interaction or navigation could occur, leaving the agent on the opening screen of the competitor website.
  goal t1__p2__competitor_3 reached=False opening=True url=https://catalyst.io/ The session ended before any action could be taken on the competitor website, and the agent remained on the opening screen.
  goal t5__p3__competitor_1 reached=False opening=True url=https://churnzero.com/ The session ended before the task could be completed, and the agent remained on the opening screen.
  goal t3__p4__competitor_2 reached=False opening=True url=https://www.gainsight.com/ The session ended before a final screenshot could be captured, and the provided DOM text indicates the agent was still on the opening screen of the competitor website.
  goal t5__p4__competitor_1 reached=False opening=True url=https://churnzero.com/ The session ended before the task could be completed, and the agent remained on the opening screen.
  goal t1__p5__competitor_2 reached=False opening=True url=https://www.gainsight.com/ The session ended before a final screenshot could be captured, and the provided information indicates the agent was still on the opening screen of the competitor website.
  product (diagnostic) 14/25 finished source=http
# Strict e2e gates

## Headline

- `time_to_first_value`: 119.514s (threshold <= 10s from URL submit until the first click, type, or scroll is visible in the live UI) FAIL
- `total_time`: 654.658s (threshold <= 480s from URL submit until the report is ready) FAIL

- study: b19ba88f-22b2-4b1a-ba05-aa6e17554b04
- product: https://kolanut.ai
- pass: false
- failure file: /tmp/usersim_e2e2/failures.json
- failed runs: our infrastructure=5, model timeout=7, stuck=10, product=53, no_first_action=0

| Gate | Value | Threshold | Result |
| --- | --- | --- | --- |
| Time to first value (`time_to_first_value`) | 119.514s | <= 10s from URL submit until the first click, type, or scroll is visible in the live UI | FAIL |
| Total time (`total_time`) | 654.658s | <= 480s from URL submit until the report is ready | FAIL |
| Full 24-agent matrix (`full_matrix`) | 24 | >= 24 (smaller runs are smoke-only) | PASS |
| Agent count (`agent_count`) | 100 | >= 24 | PASS |
| Persona count (`persona_count`) | 5 | >= 4 | PASS |
| Task count (`task_count`) | 5 | >= 2 | PASS |
| Site count (`site_count`) | 4 | >= 3 | PASS |
| Page opened on the assigned site (`page_opened`) | 92/100 within 5s | <= 5s from agent creation, URL host matches the assigned site, accessibility tree present | FAIL |
| Study completed with a summary (`study_complete`) | complete | status=complete, summary present, no harness abort | PASS |
| Study budget (`study_budget`) | 654.658s | <= 480s for the whole study (observed max 408s) | FAIL |
| First real action (`first_action`) | not measured | live abort is time_to_first_action | PASS |
| Time to first action (`time_to_first_action`) | missing field first_action_at_ts | median <= 5s and max <= 10s at 24 agents | FAIL |
| Per-phase milliseconds (`phase_ms`) | 100/100 | each agent has phase_ms.session_ready, page_open, first_action, final_screenshot | PASS |
| Final screenshot (`final_screenshot`) | 100/100 | each agent has final_screenshot_url (one async capture for the judge) | PASS |
| Final URL and page text for the judge (`judge_inputs`) | 100/100 | final_url plus state_sig.text or ax_tree on every agent | PASS |
| Failed-step phase and reason (`failed_step`) | 75 failed runs | every failed run has failed_step.phase and failed_step.reason | PASS |
| Product task completion (`product_task_completion`) | 14/25 (56%) | >= 50% of product runs (>= 13/25) | PASS |
| Bland-style report page (`report_page`) | http://127.0.0.1:3300/report?study=b19ba88f-22b2-4b1a-ba05-aa6e17554b04 | /report?study=<id> shell with overview and trace tabs | PASS |
| Every task has a completion rate (`task_completion_rates`) | 5 tasks | each task has a product ok/n rate | PASS |
| Product strength from a run past the first screen (`product_strength`) | 3/3 | >= 1 strength with agent, step, AX or URL, and the final screenshot | PASS |
| Product weakness from a run past the first screen (`product_weakness`) | 3/3 | >= 1 weakness with agent, step, AX or URL, and the final screenshot | PASS |
| Top weakness is not only the homepage stall (`top_weakness_not_homepage_only`) | Automate customer health score updates: after 17 steps agents ended on engagement.kolanut.ai/dashboard/settings/integrations without reachin | at least one weakness is a real product issue from a run past the first screen | PASS |
| Run issues listed separately from product friction (`run_issues_separate`) | 19 listed | insights.run_issues is its own list; harness errors are not product weaknesses | PASS |
| Run issue share (`run_issue_rate`) | 19/100 (19%) | <= 25% of runs | PASS |
| Browserbase and concurrency losses count against the run (`infra_honesty`) | losses=0 silent=0 counted_as_success=0 | 0 silently excluded, 0 counted as task success | PASS |
| First-screen and opening-frame runs stay in the product denominator (`first_screen_not_excluded`) | opening_or_first_screen=0 product_n=25 excluded=0 | excluded=0 (a stuck run is a failure, not a drop) | PASS |

## Competitor task completion

Reported separately. These runs do not count toward the product gate.

- https://churnzero.com/ (competitor_1): 4/25
- https://www.gainsight.com/ (competitor_2): 6/25
- https://catalyst.io/ (competitor_3): 1/25

## Product task completion

- confirmed: 14/25
- past the first screen (structural): 25
- first screen or opening frame: 0

## Product (diagnostic)

- product (diagnostic) 14/25 finished
- Not a gate. An aborted study stays pass=false.

## Failed gates

- time_to_first_value: value=119.514s threshold=<= 10s from URL submit until the first click, type, or scroll is visible in the live UI (agent=t4__p2__product)
- total_time: value=654.658s threshold=<= 480s from URL submit until the report is ready (8-minute study budget.)
- page_opened: value=92/100 within 5s threshold=<= 5s from agent creation, URL host matches the assigned site, accessibility tree present (FAIL page_opened: 92/100 agents opened the assigned site within 5s (opened after 5s=8))
- study_budget: value=654.658s threshold=<= 480s for the whole study (observed max 408s) (No per-agent time limit. Stuck means the same action repeated 3 times with no URL or DOM change. Confirmed maxima: saved-study wall 358s, measured e2e2 elapsed 378s, YouTube baseline 408s.)
- time_to_first_action: value=missing field first_action_at_ts threshold=median <= 5s and max <= 10s at 24 agents (missing field first_action_at_ts)

FAIL grade-study: time_to_first_value: value=119.514s threshold=<= 10s from URL submit until the first click, type, or scroll is visible in the live UI (agent=t4__p2__product); total_time: value=654.658s threshold=<= 480s from URL submit until the report is ready (8-minute study budget.); page_opened: value=92/100 within 5s threshold=<= 5s from agent creation, URL host matches the assigned site, accessibility tree present (FAIL page_opened: 92/100 agents opened the assigned site within 5s (opened after 5s=8)); study_budget: value=654.658s threshold=<= 480s for the whole study (observed max 408s) (No per-agent time limit. Stuck means the same action repeated 3 times with no URL or DOM change. Confirmed maxima: saved-study wall 358s, measured e2e2 elapsed 378s, YouTube baseline 408s.); time_to_first_action: value=missing field first_action_at_ts threshold=median <= 5s and max <= 10s at 24 agents (missing field first_action_at_ts)
product (diagnostic) 14/25 finished
