released browserbase owner=taskfix study=* {'found': 0, 'released': 0, 'failed': [], 'session_ids': [], 'kept_prime': 0, 'owner': 'taskfix', 'study_id': None}
→ open http://127.0.0.1:3000/?max_agents=24 url=https://excalidraw.com
→ click Run (not Smoke)
  [0s] status=None users=0 tasks=0 sites=1 agents=0 acted=0/0 ttfa_median=None ttfa_max=None since_task= steps=0 done=0 page_open=/ phase=
  [0s] status=running users=5 tasks=2 sites=3 agents=0 acted=0/0 ttfa_median=None ttfa_max=None since_task= steps=0 done=0 page_open=/ phase=Live browser agents — 0/6 done · 6 active · 0 queu
  [1s] status=running users=5 tasks=2 sites=3 agents=0 acted=0/0 ttfa_median=None ttfa_max=None since_task= steps=0 done=0 page_open=/ phase=Live browser agents — 0/6 done · 6 active · 0 queu
  [1s] status=running users=5 tasks=2 sites=3 agents=0 acted=0/0 ttfa_median=None ttfa_max=None since_task= steps=0 done=0 page_open=/ phase=Live browser agents — 0/6 done · 6 active · 0 queu
  first_task_created +2.1s n=8
  first_value +1.7s agent=t1__p1__product
  [2s] status=running users=5 tasks=2 sites=3 agents=8 acted=8/8 ttfa_median=0.01 ttfa_max=0.01 since_task=0s steps=16 done=0 page_open=8/8 phase=Live browser agents — 0/6 done · 6 active · 0 queu
  [2s] status=running users=5 tasks=2 sites=3 agents=8 acted=8/8 ttfa_median=0.0 ttfa_max=0.0 since_task=0s steps=16 done=0 page_open=8/8 phase=Live browser agents — 0/6 done · 6 active · 0 queu
  [2s] status=running users=5 tasks=2 sites=3 agents=8 acted=8/8 ttfa_median=0.0 ttfa_max=0.0 since_task=0s steps=16 done=0 page_open=8/8 phase=Live browser agents — 0/6 done · 6 active · 0 queu
  [3s] status=running users=5 tasks=2 sites=3 agents=8 acted=8/8 ttfa_median=0.0 ttfa_max=0.0 since_task=0s steps=16 done=0 page_open=8/8 phase=Live browser agents — 0/6 done · 6 active · 0 queu
  [3s] status=running users=5 tasks=2 sites=3 agents=8 acted=8/8 ttfa_median=0.0 ttfa_max=0.0 since_task=0s steps=16 done=0 page_open=8/8 phase=Live browser agents — 0/6 done · 6 active · 0 queu
  [4s] status=running users=5 tasks=2 sites=3 agents=8 acted=8/8 ttfa_median=0.0 ttfa_max=0.0 since_task=0s steps=16 done=0 page_open=8/8 phase=Live browser agents — 0/6 done · 6 active · 0 queu
  all_tasks_created +4.6s n=24
  [4s] status=running users=5 tasks=2 sites=3 agents=24 acted=24/24 ttfa_median=0.045 ttfa_max=0.045 since_task=0s steps=48 done=0 page_open=24/24 phase=Live browser agents — 0/24 done · 24 active · 48 s
  [5s] status=running users=5 tasks=2 sites=3 agents=24 acted=24/24 ttfa_median=0.0 ttfa_max=0.0 since_task=0s steps=49 done=0 page_open=24/24 phase=Live browser agents — 0/24 done · 24 active · 49 s
  [6s] status=running users=5 tasks=2 sites=3 agents=24 acted=24/24 ttfa_median=0.0 ttfa_max=0.0 since_task=0s steps=50 done=0 page_open=24/24 phase=Live browser agents — 0/24 done · 24 active · 50 s
  [7s] status=running users=5 tasks=2 sites=3 agents=24 acted=24/24 ttfa_median=0.0 ttfa_max=0.0 since_task=0s steps=50 done=0 page_open=24/24 phase=Live browser agents — 0/24 done · 24 active · 50 s
  [8s] status=running users=5 tasks=2 sites=3 agents=24 acted=24/24 ttfa_median=0.0 ttfa_max=0.0 since_task=0s steps=50 done=0 page_open=24/24 phase=Live browser agents — 0/24 done · 24 active · 50 s
  [9s] status=running users=5 tasks=2 sites=3 agents=24 acted=24/24 ttfa_median=0.0 ttfa_max=0.0 since_task=0s steps=50 done=1 page_open=24/24 phase=Live browser agents — 1/24 done · 23 active · 50 s
  [10s] status=running users=5 tasks=2 sites=3 agents=24 acted=24/24 ttfa_median=0.0 ttfa_max=0.0 since_task=0s steps=51 done=1 page_open=24/24 phase=Live browser agents — 1/24 done · 23 active · 51 s
  [11s] status=running users=5 tasks=2 sites=3 agents=24 acted=24/24 ttfa_median=0.0 ttfa_max=0.0 since_task=0s steps=51 done=4 page_open=24/24 phase=Live browser agents — 4/24 done · 20 active · 51 s
  [12s] status=running users=5 tasks=2 sites=3 agents=24 acted=24/24 ttfa_median=0.0 ttfa_max=0.0 since_task=0s steps=52 done=6 page_open=24/24 phase=Live browser agents — 6/24 done · 18 active · 52 s
  [13s] status=running users=5 tasks=2 sites=3 agents=24 acted=24/24 ttfa_median=0.0 ttfa_max=0.0 since_task=0s steps=53 done=9 page_open=24/24 phase=Live browser agents — 9/24 done · 15 active · 53 s
  [14s] status=running users=5 tasks=2 sites=3 agents=24 acted=24/24 ttfa_median=0.0 ttfa_max=0.0 since_task=0s steps=53 done=9 page_open=24/24 phase=Live browser agents — 9/24 done · 15 active · 53 s
  [15s] status=running users=5 tasks=2 sites=3 agents=24 acted=24/24 ttfa_median=0.0 ttfa_max=0.0 since_task=0s steps=55 done=11 page_open=24/24 phase=Live browser agents — 11/24 done · 13 active · 55 
  [16s] status=running users=5 tasks=2 sites=3 agents=24 acted=24/24 ttfa_median=0.0 ttfa_max=0.0 since_task=0s steps=56 done=11 page_open=24/24 phase=Live browser agents — 11/24 done · 13 active · 56 
  [17s] status=running users=5 tasks=2 sites=3 agents=24 acted=24/24 ttfa_median=0.0 ttfa_max=0.0 since_task=0s steps=56 done=13 page_open=24/24 phase=Live browser agents — 13/24 done · 11 active · 56 
  [18s] status=running users=5 tasks=2 sites=3 agents=24 acted=24/24 ttfa_median=0.0 ttfa_max=0.0 since_task=0s steps=57 done=13 page_open=24/24 phase=Live browser agents — 13/24 done · 11 active · 57 
  [19s] status=running users=5 tasks=2 sites=3 agents=24 acted=24/24 ttfa_median=0.0 ttfa_max=0.0 since_task=0s steps=58 done=13 page_open=24/24 phase=Live browser agents — 13/24 done · 11 active · 58 
  [20s] status=running users=5 tasks=2 sites=3 agents=24 acted=24/24 ttfa_median=0.0 ttfa_max=0.0 since_task=0s steps=59 done=13 page_open=24/24 phase=Live browser agents — 13/24 done · 11 active · 59 
  [21s] status=running users=5 tasks=2 sites=3 agents=24 acted=24/24 ttfa_median=0.0 ttfa_max=0.0 since_task=0s steps=60 done=13 page_open=24/24 phase=Live browser agents — 13/24 done · 11 active · 60 
  [22s] status=running users=5 tasks=2 sites=3 agents=24 acted=24/24 ttfa_median=0.0 ttfa_max=0.0 since_task=0s steps=60 done=13 page_open=24/24 phase=Live browser agents — 13/24 done · 11 active · 60 
  [23s] status=running users=5 tasks=2 sites=3 agents=24 acted=24/24 ttfa_median=0.0 ttfa_max=0.0 since_task=0s steps=61 done=13 page_open=24/24 phase=Live browser agents — 13/24 done · 11 active · 61 
  [24s] status=running users=5 tasks=2 sites=3 agents=24 acted=24/24 ttfa_median=0.0 ttfa_max=0.0 since_task=0s steps=62 done=14 page_open=24/24 phase=Live browser agents — 14/24 done · 10 active · 62 
  [25s] status=running users=5 tasks=2 sites=3 agents=24 acted=24/24 ttfa_median=0.0 ttfa_max=0.0 since_task=0s steps=62 done=14 page_open=24/24 phase=Live browser agents — 14/24 done · 10 active · 62 
  [26s] status=running users=5 tasks=2 sites=3 agents=24 acted=24/24 ttfa_median=0.0 ttfa_max=0.0 since_task=0s steps=62 done=14 page_open=24/24 phase=Live browser agents — 14/24 done · 10 active · 62 
  [27s] status=running users=5 tasks=2 sites=3 agents=24 acted=24/24 ttfa_median=0.0 ttfa_max=0.0 since_task=0s steps=64 done=14 page_open=24/24 phase=Live browser agents — 14/24 done · 10 active · 64 
  [28s] status=running users=5 tasks=2 sites=3 agents=24 acted=24/24 ttfa_median=0.0 ttfa_max=0.0 since_task=0s steps=65 done=14 page_open=24/24 phase=Live browser agents — 14/24 done · 10 active · 65 
  [30s] status=running users=5 tasks=2 sites=3 agents=24 acted=24/24 ttfa_median=0.0 ttfa_max=0.0 since_task=0s steps=67 done=14 page_open=24/24 phase=Live browser agents — 14/24 done · 10 active · 67 
  [31s] status=running users=5 tasks=2 sites=3 agents=24 acted=24/24 ttfa_median=0.0 ttfa_max=0.0 since_task=0s steps=68 done=14 page_open=24/24 phase=Live browser agents — 14/24 done · 10 active · 68 
  [32s] status=running users=5 tasks=2 sites=3 agents=24 acted=24/24 ttfa_median=0.0 ttfa_max=0.0 since_task=0s steps=69 done=14 page_open=24/24 phase=Live browser agents — 14/24 done · 10 active · 69 
  FAIL stuck: 1 agent(s) repeated the same action 3 times with no URL/DOM change. t2__p1__competitor_2 phase=acting error= last_action=click Export image
  stopped study 617d8ef9-2991-4532-a70a-b7b8d03367a8 via /api/runtime/kill (3711 bytes)
released browserbase owner=taskfix study=617d8ef9-2991-4532-a70a-b7b8d03367a8 {'found': 5, 'released': 5, 'failed': [], 'skipped': [], 'session_ids': ['0da58a83-9a0a-43c1-9260-635c8ea6a49c', '6fd18577-990b-4f42-ad7d-caa2b6337f3b', '79bb623e-b230-47ec-8545-e2318980a0d1', '6cdb4dee-4f77-4cfe-8ec5-e86252d286c9', '4cb5bcf4-7f5e-47cd-939e-62a836196bbf'], 'owner': 'taskfix', 'study_id': '617d8ef9-2991-4532-a70a-b7b8d03367a8'}
  timing: run→first_task=33.054s run→all_tasks=33.054s REAL shot p50/p95/max=-20.056/-13.157/-9.009s missing_real=10 warm={}
Wrote /tmp/usersim_e2e2_excalidraw24/failures.json (1 failed runs)
# Strict e2e gates

## Headline

- `time_to_first_value`: 1.685s (threshold <= 10s from URL submit until the first click, type, or scroll is visible in the live UI) PASS
- `total_time`: not ready (threshold <= 480s from URL submit until the report is ready) FAIL

- study: 617d8ef9-2991-4532-a70a-b7b8d03367a8
- product: https://excalidraw.com
- pass: false
- failure file: /tmp/usersim_e2e2_excalidraw24/failures.json
- failed runs: our infrastructure=0, model timeout=0, stuck=1, product=0, no_first_action=0

| Gate | Value | Threshold | Result |
| --- | --- | --- | --- |
| Time to first value (`time_to_first_value`) | 1.685s | <= 10s from URL submit until the first click, type, or scroll is visible in the live UI | PASS |
| Total time (`total_time`) | not ready | <= 480s from URL submit until the report is ready | FAIL |
| Full 24-agent matrix (`full_matrix`) | 24 | >= 24 (smaller runs are smoke-only) | PASS |
| Agent count (`agent_count`) | 24 | >= 24 | PASS |
| Persona count (`persona_count`) | 5 | >= 4 | PASS |
| Task count (`task_count`) | 2 | >= 2 | PASS |
| Site count (`site_count`) | 3 | >= 3 | PASS |
| Page opened on the assigned site (`page_opened`) | 24/24 within 5s | <= 5s from agent creation, URL host matches the assigned site, accessibility tree present | PASS |
| Study completed with a summary (`study_complete`) | running aborted | status=complete, summary present, no harness abort | FAIL |
| Study budget (`study_budget`) | 33.1s | <= 480s for the whole study (observed max 408s) | PASS |
| First real action (`first_action`) | not measured | live abort is time_to_first_action | PASS |
| Time to first action (`time_to_first_action`) | median=0.0s max=0.0s n=24/24 | median <= 5s and max <= 10s at 24 agents | PASS |
| Per-phase milliseconds (`phase_ms`) | 24/24 | each agent has phase_ms.session_ready, page_open, first_action, final_screenshot | PASS |
| Final screenshot (`final_screenshot`) | missing field final_screenshot_url | each agent has final_screenshot_url (one async capture for the judge) | FAIL |
| Final URL and page text for the judge (`judge_inputs`) | 24/24 | final_url plus state_sig.text or ax_tree on every agent | PASS |
| Failed-step phase and reason (`failed_step`) | 24 failed runs | every failed run has failed_step.phase and failed_step.reason | PASS |
| Product task completion (`product_task_completion`) | 0/8 (0%) | >= 50% of product runs (>= 4/8) | FAIL |
| Bland-style report page (`report_page`) | missing | /report?study=<id> shell with overview and trace tabs | FAIL |
| Every task has a completion rate (`task_completion_rates`) | missing no by_task rows; missing task Draw a simple rectangle on the canvas; missing task Find how to export or share the drawing | each task has a product ok/n rate | FAIL |
| Product strength from a run past the first screen (`product_strength`) | 0/0 | >= 1 strength with agent, step, AX or URL, and the final screenshot | FAIL |
| Product weakness from a run past the first screen (`product_weakness`) | 0/0 | >= 1 weakness with agent, step, AX or URL, and the final screenshot | FAIL |
| Top weakness is not only the homepage stall (`top_weakness_not_homepage_only`) | (none) | at least one weakness is a real product issue from a run past the first screen | FAIL |
| Run issues listed separately from product friction (`run_issues_separate`) | 0 listed | insights.run_issues is its own list; harness errors are not product weaknesses | FAIL |
| Run issue share (`run_issue_rate`) | 0/24 (0%) | <= 25% of runs | PASS |
| Browserbase and concurrency losses count against the run (`infra_honesty`) | losses=0 silent=0 counted_as_success=0 | 0 silently excluded, 0 counted as task success | PASS |
| First-screen and opening-frame runs stay in the product denominator (`first_screen_not_excluded`) | opening_or_first_screen=8 product_n=8 excluded=0 | excluded=0 (a stuck run is a failure, not a drop) | PASS |

## Competitor task completion

Reported separately. These runs do not count toward the product gate.

- https://www.tldraw.com/ (competitor_1): 0/8
- https://miro.com/ (competitor_2): 0/8

## Product task completion

- confirmed: 0/8
- past the first screen (structural): 0
- first screen or opening frame: 8

## Failed gates

- total_time: value=not ready threshold=<= 480s from URL submit until the report is ready (8-minute study budget.)
- study_complete: value=running aborted threshold=status=complete, summary present, no harness abort (FAIL stuck: 1 agent(s) repeated the same action 3 times with no URL/DOM change. t2__p1__competitor_2 phase=acting error= last_action=click Export image)
- final_screenshot: value=missing field final_screenshot_url threshold=each agent has final_screenshot_url (one async capture for the judge)
- product_task_completion: value=0/8 (0%) threshold=>= 50% of product runs (>= 4/8) (judge_yes=0 structural_past_first_screen=0 first_screen_or_opening=8 opening_frame=0 stuck=0 bb_losses_in_product=0)
- report_page: value=missing threshold=/report?study=<id> shell with overview and trace tabs (missing markers: data-tab="analytics", data-tab="traces", id="analytics-root", id="tab-traces", Overview, Trace drill-down)
- task_completion_rates: value=missing no by_task rows; missing task Draw a simple rectangle on the canvas; missing task Find how to export or share the drawing threshold=each task has a product ok/n rate
- product_strength: value=0/0 threshold=>= 1 strength with agent, step, AX or URL, and the final screenshot
- product_weakness: value=0/0 threshold=>= 1 weakness with agent, step, AX or URL, and the final screenshot
- top_weakness_not_homepage_only: value=(none) threshold=at least one weakness is a real product issue from a run past the first screen (real_weaknesses=0)
- run_issues_separate: value=0 listed threshold=insights.run_issues is its own list; harness errors are not product weaknesses

Wrote /tmp/usersim_e2e2_excalidraw24/result.json
Wrote /tmp/usersim_e2e2_excalidraw24/summary.md
FAIL: FAIL stuck: 1 agent(s) repeated the same action 3 times with no URL/DOM change. t2__p1__competitor_2 phase=acting error= last_action=click Export image || e2e2 failed: total_time: value=not ready threshold=<= 480s from URL submit until the report is ready (8-minute study budget.); study_complete: value=running aborted threshold=status=complete, summary present, no harness abort (FAIL stuck: 1 agent(s) repeated the same action 3 times with no URL/DOM change. t2__p1__competitor_2 phase=acting error= last_action=click Export image); final_screenshot: value=missing field final_screenshot_url threshold=each agent has final_screenshot_url (one async capture for the judge); product_task_completion: value=0/8 (0%) threshold=>= 50% of product runs (>= 4/8) (judge_yes=0 structural_past_first_screen=0 first_screen_or_opening=8 opening_frame=0 stuck=0 bb_losses_in_product=0); report_page: value=missing threshold=/report?study=<id> shell with overview and trace tabs (missing markers: data-tab="analytics", data-tab="traces", id="analytics-root", id="tab-traces", Overview, Trace drill-down); task_completion_rates: value=missing no by_task rows; missing task Draw a simple rectangle on the canvas; missing task Find how to export or share the drawing threshold=each task has a product ok/n rate; product_strength: value=0/0 threshold=>= 1 strength with agent, step, AX or URL, and the final screenshot; product_weakness: value=0/0 threshold=>= 1 weakness with agent, step, AX or URL, and the final screenshot; top_weakness_not_homepage_only: value=(none) threshold=at least one weakness is a real product issue from a run past the first screen (real_weaknesses=0); run_issues_separate: value=0 listed threshold=insights.run_issues is its own list; harness errors are not product weaknesses
released browserbase owner=taskfix study=* {'found': 1, 'released': 1, 'failed': [], 'session_ids': ['6ab0c655-013a-4666-919a-a3ca77ab943f'], 'kept_prime': 0, 'owner': 'taskfix', 'study_id': None}
EXIT:1
