released browserbase owner=gates study=* {'found': 0, 'released': 0, 'failed': [], 'session_ids': [], 'kept_prime': 0, 'owner': 'gates', 'study_id': None}
→ open http://127.0.0.1:3000/?max_agents=8 url=https://excalidraw.com/
→ click Run (not Smoke)
  [0s] status=None users=0 tasks=0 sites=1 agents=0 acted=0/0 ttfa_median=None ttfa_max=None since_task= steps=0 done=0 page_open=/ phase=
  [0s] status=running users=4 tasks=2 sites=1 agents=0 acted=0/0 ttfa_median=None ttfa_max=None since_task= steps=0 done=0 page_open=/ phase=Finding competitors
  [1s] status=running users=4 tasks=2 sites=1 agents=0 acted=0/0 ttfa_median=None ttfa_max=None since_task= steps=0 done=0 page_open=/ phase=Finding competitors
  [1s] status=running users=4 tasks=2 sites=1 agents=0 acted=0/0 ttfa_median=None ttfa_max=None since_task= steps=0 done=0 page_open=/ phase=Finding competitors
  [2s] status=running users=4 tasks=2 sites=1 agents=0 acted=0/0 ttfa_median=None ttfa_max=None since_task= steps=0 done=0 page_open=/ phase=Finding competitors
  [2s] status=running users=4 tasks=2 sites=1 agents=0 acted=0/0 ttfa_median=None ttfa_max=None since_task= steps=0 done=0 page_open=/ phase=Finding competitors
  [2s] status=running users=4 tasks=2 sites=1 agents=0 acted=0/0 ttfa_median=None ttfa_max=None since_task= steps=0 done=0 page_open=/ phase=Finding competitors
  [3s] status=running users=4 tasks=2 sites=1 agents=0 acted=0/0 ttfa_median=None ttfa_max=None since_task= steps=0 done=0 page_open=/ phase=Finding competitors
  first_task_created +3.7s n=8
  all_tasks_created +3.7s n=8
  [3s] status=running users=4 tasks=2 sites=3 agents=8 acted=0/8 ttfa_median=None ttfa_max=None since_task=0s steps=8 done=0 page_open=8/8 phase=Live browser agents — 0/8 done · 8 active · 0 queu
  [4s] status=running users=4 tasks=2 sites=3 agents=8 acted=0/8 ttfa_median=None ttfa_max=None since_task=0s steps=8 done=0 page_open=8/8 phase=Live browser agents — 0/8 done · 8 active · 0 queu
  [4s] status=running users=4 tasks=2 sites=3 agents=8 acted=0/8 ttfa_median=None ttfa_max=None since_task=1s steps=8 done=0 page_open=8/8 phase=Live browser agents — 0/8 done · 8 active · 0 queu
  [4s] status=running users=4 tasks=2 sites=3 agents=8 acted=0/8 ttfa_median=None ttfa_max=None since_task=1s steps=8 done=0 page_open=8/8 phase=Live browser agents — 0/8 done · 8 active · 0 queu
  [5s] status=running users=4 tasks=2 sites=3 agents=8 acted=0/8 ttfa_median=None ttfa_max=None since_task=1s steps=8 done=0 page_open=8/8 phase=Live browser agents — 0/8 done · 8 active · 0 queu
  [5s] status=running users=4 tasks=2 sites=3 agents=8 acted=0/8 ttfa_median=None ttfa_max=None since_task=2s steps=8 done=0 page_open=8/8 phase=Live browser agents — 0/8 done · 8 active · 8 step
  [6s] status=running users=4 tasks=2 sites=3 agents=8 acted=0/8 ttfa_median=None ttfa_max=None since_task=2s steps=8 done=0 page_open=8/8 phase=Live browser agents — 0/8 done · 8 active · 8 step
  [6s] status=running users=4 tasks=2 sites=3 agents=8 acted=0/8 ttfa_median=None ttfa_max=None since_task=3s steps=8 done=0 page_open=8/8 phase=Live browser agents — 0/8 done · 8 active · 8 step
  [6s] status=running users=4 tasks=2 sites=3 agents=8 acted=0/8 ttfa_median=None ttfa_max=None since_task=3s steps=8 done=0 page_open=8/8 phase=Live browser agents — 0/8 done · 8 active · 8 step
  [7s] status=running users=4 tasks=2 sites=3 agents=8 acted=0/8 ttfa_median=None ttfa_max=None since_task=4s steps=8 done=0 page_open=8/8 phase=Live browser agents — 0/8 done · 8 active · 8 step
  [7s] status=running users=4 tasks=2 sites=3 agents=8 acted=0/8 ttfa_median=None ttfa_max=None since_task=4s steps=8 done=0 page_open=8/8 phase=Live browser agents — 0/8 done · 8 active · 8 step
  first_value +7.8s agent=t1__p1__product
  [8s] status=running users=4 tasks=2 sites=3 agents=8 acted=3/8 ttfa_median=0.004 ttfa_max=0.004 since_task=4s steps=11 done=0 page_open=8/8 phase=Live browser agents — 0/8 done · 8 active · 11 ste
  [8s] status=running users=4 tasks=2 sites=3 agents=8 acted=8/8 ttfa_median=0.004 ttfa_max=0.004 since_task=0s steps=16 done=0 page_open=8/8 phase=Live browser agents — 0/8 done · 8 active · 16 ste
  [9s] status=running users=4 tasks=2 sites=3 agents=8 acted=8/8 ttfa_median=0.0 ttfa_max=0.0 since_task=0s steps=16 done=0 page_open=8/8 phase=Live browser agents — 0/8 done · 8 active · 16 ste
  [10s] status=running users=4 tasks=2 sites=3 agents=8 acted=8/8 ttfa_median=0.0 ttfa_max=0.0 since_task=0s steps=20 done=0 page_open=8/8 phase=Live browser agents — 0/8 done · 8 active · 20 ste
  [11s] status=running users=4 tasks=2 sites=3 agents=8 acted=8/8 ttfa_median=0.0 ttfa_max=0.004 since_task=0s steps=20 done=4 page_open=8/8 phase=Live browser agents — 4/8 done · 4 active · 20 ste
  [12s] status=running users=4 tasks=2 sites=3 agents=8 acted=8/8 ttfa_median=0.0 ttfa_max=0.004 since_task=0s steps=20 done=4 page_open=8/8 phase=Live browser agents — 4/8 done · 4 active · 20 ste
  [13s] status=running users=4 tasks=2 sites=3 agents=8 acted=8/8 ttfa_median=0.0 ttfa_max=0.004 since_task=0s steps=20 done=4 page_open=8/8 phase=Live browser agents — 4/8 done · 4 active · 20 ste
  [14s] status=running users=4 tasks=2 sites=3 agents=8 acted=8/8 ttfa_median=0.0 ttfa_max=0.004 since_task=0s steps=20 done=4 page_open=8/8 phase=Live browser agents — 4/8 done · 4 active · 20 ste
  [15s] status=running users=4 tasks=2 sites=3 agents=8 acted=8/8 ttfa_median=0.0 ttfa_max=0.004 since_task=0s steps=20 done=4 page_open=8/8 phase=Live browser agents — 4/8 done · 4 active · 20 ste
  [16s] status=running users=4 tasks=2 sites=3 agents=8 acted=8/8 ttfa_median=0.0 ttfa_max=0.004 since_task=0s steps=20 done=5 page_open=8/8 phase=Live browser agents — 5/8 done · 3 active · 20 ste
  [17s] status=running users=4 tasks=2 sites=3 agents=8 acted=8/8 ttfa_median=0.0 ttfa_max=0.004 since_task=0s steps=20 done=7 page_open=8/8 phase=Live browser agents — 7/8 done · 1 active · 20 ste
  [18s] status=running users=4 tasks=2 sites=3 agents=8 acted=8/8 ttfa_median=0.0 ttfa_max=0.004 since_task=0s steps=20 done=8 page_open=8/8 phase=Live browser agents — 8/8 done · 0 active · 20 ste
  [19s] status=running users=4 tasks=2 sites=3 agents=8 acted=8/8 ttfa_median=0.0 ttfa_max=0.004 since_task=0s steps=20 done=8 page_open=8/8 phase=Writing executive summary
  [20s] status=running users=4 tasks=2 sites=3 agents=8 acted=8/8 ttfa_median=0.0 ttfa_max=0.004 since_task=0s steps=20 done=8 page_open=8/8 phase=Writing executive summary
  report_ready +21.3s
  [21s] status=complete users=4 tasks=2 sites=3 agents=8 acted=8/8 ttfa_median=0.0 ttfa_max=0.004 since_task=1s steps=20 done=8 page_open=8/8 phase=Complete
  timing: run→first_task=20.722s run→all_tasks=20.722s REAL shot p50/p95/max=-6.707/-2.747/-2.537s missing_real=0 warm={}
Direct use of automatic function calling (AFC) in Models.generate_content is not recommended. Instead, we recommend to use AFC in Chat.send_message. Similarly, direct use of AFC in Models.generate_content_stream is not recommended. Instead, we recommend to use AFC in Chat.send_message_stream.
  goal t1__p1__product reached=True opening=False url=https://excalidraw.com/ A rectangle with rounded corners has been drawn on the canvas.
  goal t2__p1__product reached=True opening=False url=https://excalidraw.com/ The user was able to find the 'Export image...' option in the menu, which directly addresses the task goal.
  goal t1__p2__product reached=True opening=False url=https://excalidraw.com/ A rectangle with rounded corners has been drawn on the canvas.
  goal t2__p2__product reached=True opening=False url=https://excalidraw.com/ The user was able to find the 'Export image...' option in the menu, which directly addresses the task goal.
  goal t1__p3__product reached=True opening=False url=https://excalidraw.com/ A rectangle has been drawn on the canvas.
  goal t2__p3__product reached=True opening=False url=https://excalidraw.com/ The user has opened the menu and the 'Export image...' option is visible, indicating the ability to export or share the drawing.
  goal t1__p4__product reached=True opening=False url=https://excalidraw.com/ A rectangle has been drawn on the canvas.
  goal t2__p4__product reached=True opening=False url=https://excalidraw.com/ The user has opened the menu and the 'Export image...' option is visible, indicating the path to export or share the drawing.
Wrote /tmp/usersim_e2e2_excal8g/failures.json (0 failed runs)
# Strict e2e gates

## Headline

- `time_to_first_value`: 7.763s (threshold <= 10s from URL submit until the first click, type, or scroll is visible in the live UI) PASS
- `total_time`: 21.298s (threshold <= 480s from URL submit until the report is ready) PASS

- study: 4ac26c20-0711-4609-a86e-3cf7222279b5
- product: https://excalidraw.com/
- pass: false
- failure file: /tmp/usersim_e2e2_excal8g/failures.json
- failed runs: our infrastructure=0, model timeout=0, stuck=0, product=0, no_first_action=0

| Gate | Value | Threshold | Result |
| --- | --- | --- | --- |
| Time to first value (`time_to_first_value`) | 7.763s | <= 10s from URL submit until the first click, type, or scroll is visible in the live UI | PASS |
| Total time (`total_time`) | 21.298s | <= 480s from URL submit until the report is ready | PASS |
| Full 24-agent matrix (`full_matrix`) | 8 | >= 8 (smaller runs are smoke-only) | PASS |
| Agent count (`agent_count`) | 8 | >= 8 | PASS |
| Persona count (`persona_count`) | 4 | >= 4 | PASS |
| Task count (`task_count`) | 2 | >= 2 | PASS |
| Site count (`site_count`) | 3 | >= 1 | PASS |
| Page opened on the assigned site (`page_opened`) | 8/8 within 5s | <= 5s from agent creation, URL host matches the assigned site, accessibility tree present | PASS |
| Study completed with a summary (`study_complete`) | complete | status=complete, summary present, no harness abort | PASS |
| Study budget (`study_budget`) | 21.7s | <= 480s for the whole study (observed max 408s) | PASS |
| First real action (`first_action`) | not measured | live abort is time_to_first_action | PASS |
| Time to first action (`time_to_first_action`) | median=0.0s max=0.004s n=8/8 | median <= 5s and max <= 10s at 8 agents | PASS |
| Per-phase milliseconds (`phase_ms`) | 8/8 | each agent has phase_ms.session_ready, page_open, first_action, final_screenshot | PASS |
| Final screenshot (`final_screenshot`) | 8/8 | each agent has final_screenshot_url (one async capture for the judge) | PASS |
| Final URL and page text for the judge (`judge_inputs`) | 8/8 | final_url plus state_sig.text or ax_tree on every agent | PASS |
| Failed-step phase and reason (`failed_step`) | 0 failed runs | every failed run has failed_step.phase and failed_step.reason | PASS |
| Product task completion (`product_task_completion`) | 8/8 (100%) | >= 50% of product runs (>= 4/8) | PASS |
| Bland-style report page (`report_page`) | http://127.0.0.1:3000/report?study=4ac26c20-0711-4609-a86e-3cf7222279b5 | /report?study=<id> shell with overview and trace tabs | PASS |
| Every task has a completion rate (`task_completion_rates`) | 2 tasks | each task has a product ok/n rate | PASS |
| Product strength from a run past the first screen (`product_strength`) | 0/0 | >= 1 strength with agent, step, AX or URL, and the final screenshot | FAIL |
| Product weakness from a run past the first screen (`product_weakness`) | 0/0 | >= 1 weakness with agent, step, AX or URL, and the final screenshot | FAIL |
| Top weakness is not only the homepage stall (`top_weakness_not_homepage_only`) | (none) | at least one weakness is a real product issue from a run past the first screen | FAIL |
| Run issues listed separately from product friction (`run_issues_separate`) | 0 listed | insights.run_issues is its own list; harness errors are not product weaknesses | PASS |
| Run issue share (`run_issue_rate`) | 0/8 (0%) | <= 25% of runs | PASS |
| Browserbase and concurrency losses count against the run (`infra_honesty`) | losses=0 silent=0 counted_as_success=0 | 0 silently excluded, 0 counted as task success | PASS |
| First-screen and opening-frame runs stay in the product denominator (`first_screen_not_excluded`) | opening_or_first_screen=0 product_n=8 excluded=0 | excluded=0 (a stuck run is a failure, not a drop) | PASS |

## Competitor task completion

Reported separately. These runs do not count toward the product gate.

- (none)

## Product task completion

- confirmed: 8/8
- past the first screen (structural): 8
- first screen or opening frame: 0

## Failed gates

- product_strength: value=0/0 threshold=>= 1 strength with agent, step, AX or URL, and the final screenshot
- product_weakness: value=0/0 threshold=>= 1 weakness with agent, step, AX or URL, and the final screenshot
- top_weakness_not_homepage_only: value=(none) threshold=at least one weakness is a real product issue from a run past the first screen (real_weaknesses=0)

Wrote /tmp/usersim_e2e2_excal8g/result.json
Wrote /tmp/usersim_e2e2_excal8g/summary.md
FAIL: e2e2 failed: product_strength: value=0/0 threshold=>= 1 strength with agent, step, AX or URL, and the final screenshot; product_weakness: value=0/0 threshold=>= 1 weakness with agent, step, AX or URL, and the final screenshot; top_weakness_not_homepage_only: value=(none) threshold=at least one weakness is a real product issue from a run past the first screen (real_weaknesses=0)
released browserbase owner=gates study=* {'found': 0, 'released': 0, 'failed': [], 'session_ids': [], 'kept_prime': 0, 'owner': 'gates', 'study_id': None}
EXIT:1
