released browserbase owner=taskfix study=* {'found': 4, 'released': 0, 'failed': [], 'session_ids': [], 'kept_prime': 4, 'owner': 'taskfix', 'study_id': None}
→ open http://127.0.0.1:3000/?max_agents=24 url=https://excalidraw.com
→ click Run (not Smoke)
  [0s] status=None users=0 tasks=0 sites=1 agents=0 acted=0/0 ttfa_median=None ttfa_max=None since_task= steps=0 done=0 page_open=/ phase=
  [0s] status=running users=5 tasks=2 sites=3 agents=0 acted=0/0 ttfa_median=None ttfa_max=None since_task= steps=0 done=0 page_open=/ phase=Live browser agents — 0/6 done · 6 active · 0 queu
  [1s] status=running users=5 tasks=2 sites=3 agents=0 acted=0/0 ttfa_median=None ttfa_max=None since_task= steps=0 done=0 page_open=/ phase=Live browser agents — 0/6 done · 6 active · 0 queu
  first_task_created +1.7s n=8
  first_value +1.3s agent=t1__p1__product
  [1s] status=running users=5 tasks=2 sites=3 agents=8 acted=8/8 ttfa_median=0.005 ttfa_max=0.005 since_task=0s steps=16 done=0 page_open=8/8 phase=Live browser agents — 0/6 done · 6 active · 0 queu
  [2s] status=running users=5 tasks=2 sites=3 agents=8 acted=8/8 ttfa_median=0.0 ttfa_max=0.0 since_task=0s steps=16 done=0 page_open=8/8 phase=Live browser agents — 0/6 done · 6 active · 0 queu
  [2s] status=running users=5 tasks=2 sites=3 agents=8 acted=8/8 ttfa_median=0.0 ttfa_max=0.0 since_task=0s steps=16 done=0 page_open=8/8 phase=Live browser agents — 0/6 done · 6 active · 0 queu
  [2s] status=running users=5 tasks=2 sites=3 agents=16 acted=16/16 ttfa_median=0.005 ttfa_max=0.01 since_task=0s steps=32 done=0 page_open=16/16 phase=Live browser agents — 0/6 done · 6 active · 0 queu
  [3s] status=running users=5 tasks=2 sites=3 agents=16 acted=16/16 ttfa_median=0.0 ttfa_max=0.0 since_task=0s steps=32 done=0 page_open=16/16 phase=Live browser agents — 0/6 done · 6 active · 0 queu
  all_tasks_created +3.8s n=24
  [3s] status=running users=5 tasks=2 sites=3 agents=24 acted=24/24 ttfa_median=0.0 ttfa_max=0.008 since_task=0s steps=48 done=0 page_open=24/24 phase=Live browser agents — 0/24 done · 24 active · 48 s
  [4s] status=running users=5 tasks=2 sites=3 agents=24 acted=24/24 ttfa_median=0.0 ttfa_max=0.0 since_task=0s steps=49 done=0 page_open=24/24 phase=Live browser agents — 0/24 done · 24 active · 49 s
  [5s] status=running users=5 tasks=2 sites=3 agents=24 acted=24/24 ttfa_median=0.0 ttfa_max=0.0 since_task=0s steps=51 done=0 page_open=24/24 phase=Live browser agents — 0/24 done · 24 active · 51 s
  [6s] status=running users=5 tasks=2 sites=3 agents=24 acted=24/24 ttfa_median=0.0 ttfa_max=0.0 since_task=0s steps=52 done=0 page_open=24/24 phase=Live browser agents — 0/24 done · 24 active · 52 s
  [7s] status=running users=5 tasks=2 sites=3 agents=24 acted=24/24 ttfa_median=0.0 ttfa_max=0.0 since_task=0s steps=53 done=0 page_open=24/24 phase=Live browser agents — 0/24 done · 24 active · 53 s
  [8s] status=running users=5 tasks=2 sites=3 agents=24 acted=24/24 ttfa_median=0.0 ttfa_max=0.0 since_task=0s steps=55 done=0 page_open=24/24 phase=Live browser agents — 0/24 done · 24 active · 55 s
  [9s] status=running users=5 tasks=2 sites=3 agents=24 acted=24/24 ttfa_median=0.0 ttfa_max=0.0 since_task=0s steps=55 done=1 page_open=24/24 phase=Live browser agents — 1/24 done · 23 active · 55 s
  [10s] status=running users=5 tasks=2 sites=3 agents=24 acted=24/24 ttfa_median=0.0 ttfa_max=0.0 since_task=0s steps=58 done=2 page_open=24/24 phase=Live browser agents — 2/24 done · 22 active · 58 s
  [11s] status=running users=5 tasks=2 sites=3 agents=24 acted=24/24 ttfa_median=0.0 ttfa_max=0.0 since_task=0s steps=60 done=5 page_open=24/24 phase=Live browser agents — 5/24 done · 19 active · 60 s
  [12s] status=running users=5 tasks=2 sites=3 agents=24 acted=24/24 ttfa_median=0.0 ttfa_max=0.0 since_task=0s steps=60 done=5 page_open=24/24 phase=Live browser agents — 5/24 done · 19 active · 60 s
  [13s] status=running users=5 tasks=2 sites=3 agents=24 acted=24/24 ttfa_median=0.0 ttfa_max=0.0 since_task=0s steps=61 done=6 page_open=24/24 phase=Live browser agents — 6/24 done · 18 active · 61 s
  [14s] status=running users=5 tasks=2 sites=3 agents=24 acted=24/24 ttfa_median=0.0 ttfa_max=0.0 since_task=0s steps=62 done=8 page_open=24/24 phase=Live browser agents — 8/24 done · 16 active · 62 s
  [15s] status=running users=5 tasks=2 sites=3 agents=24 acted=24/24 ttfa_median=0.0 ttfa_max=0.0 since_task=0s steps=63 done=11 page_open=24/24 phase=Live browser agents — 11/24 done · 13 active · 63 
  [16s] status=running users=5 tasks=2 sites=3 agents=24 acted=24/24 ttfa_median=0.0 ttfa_max=0.0 since_task=0s steps=64 done=11 page_open=24/24 phase=Live browser agents — 11/24 done · 13 active · 64 
  [17s] status=running users=5 tasks=2 sites=3 agents=24 acted=24/24 ttfa_median=0.0 ttfa_max=0.0 since_task=0s steps=65 done=12 page_open=24/24 phase=Live browser agents — 12/24 done · 12 active · 65 
  [19s] status=running users=5 tasks=2 sites=3 agents=24 acted=24/24 ttfa_median=0.0 ttfa_max=0.0 since_task=0s steps=65 done=13 page_open=24/24 phase=Live browser agents — 13/24 done · 11 active · 65 
  [20s] status=running users=5 tasks=2 sites=3 agents=24 acted=24/24 ttfa_median=0.0 ttfa_max=0.0 since_task=0s steps=65 done=13 page_open=24/24 phase=Live browser agents — 13/24 done · 11 active · 65 
  [21s] status=running users=5 tasks=2 sites=3 agents=24 acted=24/24 ttfa_median=0.0 ttfa_max=0.0 since_task=0s steps=66 done=15 page_open=24/24 phase=Live browser agents — 15/24 done · 9 active · 66 s
  [22s] status=running users=5 tasks=2 sites=3 agents=24 acted=24/24 ttfa_median=0.0 ttfa_max=0.0 since_task=0s steps=66 done=16 page_open=24/24 phase=Live browser agents — 16/24 done · 8 active · 66 s
  [23s] status=running users=5 tasks=2 sites=3 agents=24 acted=24/24 ttfa_median=0.0 ttfa_max=0.0 since_task=0s steps=67 done=19 page_open=24/24 phase=Live browser agents — 19/24 done · 5 active · 67 s
  [24s] status=running users=5 tasks=2 sites=3 agents=24 acted=24/24 ttfa_median=0.0 ttfa_max=0.0 since_task=0s steps=67 done=20 page_open=24/24 phase=Live browser agents — 20/24 done · 4 active · 67 s
  [25s] status=running users=5 tasks=2 sites=3 agents=24 acted=24/24 ttfa_median=0.0 ttfa_max=0.0 since_task=0s steps=67 done=21 page_open=24/24 phase=Live browser agents — 21/24 done · 3 active · 67 s
  [26s] status=running users=5 tasks=2 sites=3 agents=24 acted=24/24 ttfa_median=0.0 ttfa_max=0.0 since_task=0s steps=68 done=21 page_open=24/24 phase=Live browser agents — 21/24 done · 3 active · 68 s
  [27s] status=running users=5 tasks=2 sites=3 agents=24 acted=24/24 ttfa_median=0.0 ttfa_max=0.0 since_task=0s steps=69 done=21 page_open=24/24 phase=Live browser agents — 21/24 done · 3 active · 69 s
  [28s] status=running users=5 tasks=2 sites=3 agents=24 acted=24/24 ttfa_median=0.0 ttfa_max=0.0 since_task=0s steps=70 done=21 page_open=24/24 phase=Live browser agents — 21/24 done · 3 active · 70 s
  [29s] status=running users=5 tasks=2 sites=3 agents=24 acted=24/24 ttfa_median=0.0 ttfa_max=0.0 since_task=0s steps=70 done=21 page_open=24/24 phase=Live browser agents — 21/24 done · 3 active · 70 s
  [30s] status=running users=5 tasks=2 sites=3 agents=24 acted=24/24 ttfa_median=0.0 ttfa_max=0.0 since_task=0s steps=70 done=21 page_open=24/24 phase=Live browser agents — 21/24 done · 3 active · 70 s
  [31s] status=running users=5 tasks=2 sites=3 agents=24 acted=24/24 ttfa_median=0.0 ttfa_max=0.0 since_task=0s steps=71 done=21 page_open=24/24 phase=Live browser agents — 21/24 done · 3 active · 71 s
  [32s] status=running users=5 tasks=2 sites=3 agents=24 acted=24/24 ttfa_median=0.0 ttfa_max=0.0 since_task=0s steps=72 done=21 page_open=24/24 phase=Live browser agents — 21/24 done · 3 active · 72 s
  [33s] status=running users=5 tasks=2 sites=3 agents=24 acted=24/24 ttfa_median=0.0 ttfa_max=0.0 since_task=0s steps=73 done=21 page_open=24/24 phase=Live browser agents — 21/24 done · 3 active · 73 s
  [34s] status=running users=5 tasks=2 sites=3 agents=24 acted=24/24 ttfa_median=0.0 ttfa_max=0.0 since_task=0s steps=73 done=21 page_open=24/24 phase=Live browser agents — 21/24 done · 3 active · 73 s
  [35s] status=running users=5 tasks=2 sites=3 agents=24 acted=24/24 ttfa_median=0.0 ttfa_max=0.0 since_task=0s steps=74 done=21 page_open=24/24 phase=Live browser agents — 21/24 done · 3 active · 74 s
  [36s] status=running users=5 tasks=2 sites=3 agents=24 acted=24/24 ttfa_median=0.0 ttfa_max=0.0 since_task=0s steps=75 done=21 page_open=24/24 phase=Live browser agents — 21/24 done · 3 active · 75 s
  [37s] status=running users=5 tasks=2 sites=3 agents=24 acted=24/24 ttfa_median=0.0 ttfa_max=0.0 since_task=0s steps=76 done=21 page_open=24/24 phase=Live browser agents — 21/24 done · 3 active · 76 s
  [38s] status=running users=5 tasks=2 sites=3 agents=24 acted=24/24 ttfa_median=0.0 ttfa_max=0.0 since_task=0s steps=76 done=21 page_open=24/24 phase=Live browser agents — 21/24 done · 3 active · 76 s
  [39s] status=running users=5 tasks=2 sites=3 agents=24 acted=24/24 ttfa_median=0.0 ttfa_max=0.0 since_task=0s steps=76 done=21 page_open=24/24 phase=Live browser agents — 21/24 done · 3 active · 76 s
  [40s] status=running users=5 tasks=2 sites=3 agents=24 acted=24/24 ttfa_median=0.0 ttfa_max=0.0 since_task=0s steps=77 done=21 page_open=24/24 phase=Live browser agents — 21/24 done · 3 active · 77 s
  [41s] status=running users=5 tasks=2 sites=3 agents=24 acted=24/24 ttfa_median=0.0 ttfa_max=0.0 since_task=0s steps=77 done=22 page_open=24/24 phase=Live browser agents — 22/24 done · 2 active · 77 s
  [42s] status=running users=5 tasks=2 sites=3 agents=24 acted=24/24 ttfa_median=0.0 ttfa_max=0.0 since_task=0s steps=78 done=22 page_open=24/24 phase=Live browser agents — 22/24 done · 2 active · 78 s
  [43s] status=running users=5 tasks=2 sites=3 agents=24 acted=24/24 ttfa_median=0.0 ttfa_max=0.0 since_task=0s steps=79 done=22 page_open=24/24 phase=Live browser agents — 22/24 done · 2 active · 79 s
  [44s] status=running users=5 tasks=2 sites=3 agents=24 acted=24/24 ttfa_median=0.0 ttfa_max=0.0 since_task=0s steps=79 done=22 page_open=24/24 phase=Live browser agents — 22/24 done · 2 active · 79 s
  [45s] status=running users=5 tasks=2 sites=3 agents=24 acted=24/24 ttfa_median=0.0 ttfa_max=0.0 since_task=0s steps=79 done=22 page_open=24/24 phase=Live browser agents — 22/24 done · 2 active · 79 s
  [46s] status=running users=5 tasks=2 sites=3 agents=24 acted=24/24 ttfa_median=0.0 ttfa_max=0.0 since_task=0s steps=80 done=23 page_open=24/24 phase=Live browser agents — 23/24 done · 1 active · 80 s
  [47s] status=running users=5 tasks=2 sites=3 agents=24 acted=24/24 ttfa_median=0.0 ttfa_max=0.0 since_task=0s steps=80 done=23 page_open=24/24 phase=Live browser agents — 23/24 done · 1 active · 80 s
  [48s] status=running users=5 tasks=2 sites=3 agents=24 acted=24/24 ttfa_median=0.0 ttfa_max=0.0 since_task=0s steps=81 done=23 page_open=24/24 phase=Live browser agents — 23/24 done · 1 active · 81 s
  [49s] status=running users=5 tasks=2 sites=3 agents=24 acted=24/24 ttfa_median=0.0 ttfa_max=0.0 since_task=0s steps=82 done=23 page_open=24/24 phase=Live browser agents — 23/24 done · 1 active · 82 s
  [50s] status=running users=5 tasks=2 sites=3 agents=24 acted=24/24 ttfa_median=0.0 ttfa_max=0.0 since_task=0s steps=82 done=23 page_open=24/24 phase=Live browser agents — 23/24 done · 1 active · 82 s
  [51s] status=running users=5 tasks=2 sites=3 agents=24 acted=24/24 ttfa_median=0.0 ttfa_max=0.0 since_task=0s steps=83 done=23 page_open=24/24 phase=Live browser agents — 23/24 done · 1 active · 83 s
  [52s] status=running users=5 tasks=2 sites=3 agents=24 acted=24/24 ttfa_median=0.0 ttfa_max=0.0 since_task=0s steps=84 done=23 page_open=24/24 phase=Live browser agents — 23/24 done · 1 active · 84 s
  [53s] status=running users=5 tasks=2 sites=3 agents=24 acted=24/24 ttfa_median=0.0 ttfa_max=0.0 since_task=0s steps=85 done=23 page_open=24/24 phase=Live browser agents — 23/24 done · 1 active · 85 s
  [54s] status=running users=5 tasks=2 sites=3 agents=24 acted=24/24 ttfa_median=0.0 ttfa_max=0.0 since_task=0s steps=85 done=23 page_open=24/24 phase=Live browser agents — 23/24 done · 1 active · 85 s
  [55s] status=running users=5 tasks=2 sites=3 agents=24 acted=24/24 ttfa_median=0.0 ttfa_max=0.0 since_task=0s steps=85 done=23 page_open=24/24 phase=Live browser agents — 23/24 done · 1 active · 85 s
  [56s] status=running users=5 tasks=2 sites=3 agents=24 acted=24/24 ttfa_median=0.0 ttfa_max=0.0 since_task=0s steps=85 done=23 page_open=24/24 phase=Live browser agents — 23/24 done · 1 active · 85 s
  [58s] status=running users=5 tasks=2 sites=3 agents=24 acted=24/24 ttfa_median=0.0 ttfa_max=0.0 since_task=0s steps=85 done=23 page_open=24/24 phase=Live browser agents — 23/24 done · 1 active · 85 s
  [59s] status=running users=5 tasks=2 sites=3 agents=24 acted=24/24 ttfa_median=0.0 ttfa_max=0.0 since_task=0s steps=85 done=23 page_open=24/24 phase=Live browser agents — 23/24 done · 1 active · 85 s
  [60s] status=running users=5 tasks=2 sites=3 agents=24 acted=24/24 ttfa_median=0.0 ttfa_max=0.0 since_task=0s steps=85 done=23 page_open=24/24 phase=Live browser agents — 23/24 done · 1 active · 85 s
  [61s] status=running users=5 tasks=2 sites=3 agents=24 acted=24/24 ttfa_median=0.0 ttfa_max=0.0 since_task=0s steps=85 done=23 page_open=24/24 phase=Live browser agents — 23/24 done · 1 active · 85 s
  [62s] status=running users=5 tasks=2 sites=3 agents=24 acted=24/24 ttfa_median=0.0 ttfa_max=0.0 since_task=0s steps=85 done=23 page_open=24/24 phase=Live browser agents — 23/24 done · 1 active · 85 s
  [63s] status=running users=5 tasks=2 sites=3 agents=24 acted=24/24 ttfa_median=0.0 ttfa_max=0.0 since_task=0s steps=85 done=23 page_open=24/24 phase=Live browser agents — 23/24 done · 1 active · 85 s
  [64s] status=running users=5 tasks=2 sites=3 agents=24 acted=24/24 ttfa_median=0.0 ttfa_max=0.0 since_task=0s steps=85 done=23 page_open=24/24 phase=Live browser agents — 23/24 done · 1 active · 85 s
  [65s] status=running users=5 tasks=2 sites=3 agents=24 acted=24/24 ttfa_median=0.0 ttfa_max=0.0 since_task=0s steps=85 done=23 page_open=24/24 phase=Live browser agents — 23/24 done · 1 active · 85 s
  [66s] status=running users=5 tasks=2 sites=3 agents=24 acted=24/24 ttfa_median=0.0 ttfa_max=0.0 since_task=0s steps=85 done=23 page_open=24/24 phase=Live browser agents — 23/24 done · 1 active · 85 s
  [67s] status=running users=5 tasks=2 sites=3 agents=24 acted=24/24 ttfa_median=0.0 ttfa_max=0.0 since_task=0s steps=85 done=23 page_open=24/24 phase=Live browser agents — 23/24 done · 1 active · 85 s
  [68s] status=running users=5 tasks=2 sites=3 agents=24 acted=24/24 ttfa_median=0.0 ttfa_max=0.0 since_task=0s steps=85 done=23 page_open=24/24 phase=Live browser agents — 23/24 done · 1 active · 85 s
  [69s] status=running users=5 tasks=2 sites=3 agents=24 acted=24/24 ttfa_median=0.0 ttfa_max=0.0 since_task=0s steps=85 done=23 page_open=24/24 phase=Live browser agents — 23/24 done · 1 active · 85 s
  [70s] status=running users=5 tasks=2 sites=3 agents=24 acted=24/24 ttfa_median=0.0 ttfa_max=0.0 since_task=0s steps=85 done=23 page_open=24/24 phase=Live browser agents — 23/24 done · 1 active · 85 s
  [71s] status=running users=5 tasks=2 sites=3 agents=24 acted=24/24 ttfa_median=0.0 ttfa_max=0.0 since_task=0s steps=85 done=23 page_open=24/24 phase=Live browser agents — 23/24 done · 1 active · 85 s
  [72s] status=running users=5 tasks=2 sites=3 agents=24 acted=24/24 ttfa_median=0.0 ttfa_max=0.0 since_task=0s steps=85 done=23 page_open=24/24 phase=Live browser agents — 23/24 done · 1 active · 85 s
  [73s] status=running users=5 tasks=2 sites=3 agents=24 acted=24/24 ttfa_median=0.0 ttfa_max=0.0 since_task=0s steps=85 done=23 page_open=24/24 phase=Live browser agents — 23/24 done · 1 active · 85 s
  [74s] status=running users=5 tasks=2 sites=3 agents=24 acted=24/24 ttfa_median=0.0 ttfa_max=0.0 since_task=0s steps=85 done=23 page_open=24/24 phase=Live browser agents — 23/24 done · 1 active · 85 s
  [75s] status=running users=5 tasks=2 sites=3 agents=24 acted=24/24 ttfa_median=0.0 ttfa_max=0.0 since_task=0s steps=85 done=23 page_open=24/24 phase=Live browser agents — 23/24 done · 1 active · 85 s
  [76s] status=running users=5 tasks=2 sites=3 agents=24 acted=24/24 ttfa_median=0.0 ttfa_max=0.0 since_task=0s steps=85 done=23 page_open=24/24 phase=Live browser agents — 23/24 done · 1 active · 85 s
  [77s] status=running users=5 tasks=2 sites=3 agents=24 acted=24/24 ttfa_median=0.0 ttfa_max=0.0 since_task=0s steps=85 done=23 page_open=24/24 phase=Live browser agents — 23/24 done · 1 active · 85 s
  [78s] status=running users=5 tasks=2 sites=3 agents=24 acted=24/24 ttfa_median=0.0 ttfa_max=0.0 since_task=0s steps=85 done=23 page_open=24/24 phase=Live browser agents — 23/24 done · 1 active · 85 s
  [79s] status=running users=5 tasks=2 sites=3 agents=24 acted=24/24 ttfa_median=0.0 ttfa_max=0.0 since_task=0s steps=85 done=23 page_open=24/24 phase=Live browser agents — 23/24 done · 1 active · 85 s
  [80s] status=running users=5 tasks=2 sites=3 agents=24 acted=24/24 ttfa_median=0.0 ttfa_max=0.0 since_task=0s steps=85 done=23 page_open=24/24 phase=Live browser agents — 23/24 done · 1 active · 85 s
  [81s] status=running users=5 tasks=2 sites=3 agents=24 acted=24/24 ttfa_median=0.0 ttfa_max=0.0 since_task=0s steps=85 done=23 page_open=24/24 phase=Live browser agents — 23/24 done · 1 active · 85 s
  [82s] status=running users=5 tasks=2 sites=3 agents=24 acted=24/24 ttfa_median=0.0 ttfa_max=0.0 since_task=0s steps=85 done=23 page_open=24/24 phase=Live browser agents — 23/24 done · 1 active · 85 s
  [83s] status=running users=5 tasks=2 sites=3 agents=24 acted=24/24 ttfa_median=0.0 ttfa_max=0.0 since_task=0s steps=85 done=23 page_open=24/24 phase=Live browser agents — 23/24 done · 1 active · 85 s
  [84s] status=running users=5 tasks=2 sites=3 agents=24 acted=24/24 ttfa_median=0.0 ttfa_max=0.0 since_task=0s steps=85 done=23 page_open=24/24 phase=Live browser agents — 23/24 done · 1 active · 85 s
  [85s] status=running users=5 tasks=2 sites=3 agents=24 acted=24/24 ttfa_median=0.0 ttfa_max=0.0 since_task=0s steps=85 done=23 page_open=24/24 phase=Live browser agents — 23/24 done · 1 active · 85 s
  [86s] status=running users=5 tasks=2 sites=3 agents=24 acted=24/24 ttfa_median=0.0 ttfa_max=0.0 since_task=0s steps=85 done=23 page_open=24/24 phase=Live browser agents — 23/24 done · 1 active · 85 s
  [87s] status=running users=5 tasks=2 sites=3 agents=24 acted=24/24 ttfa_median=0.0 ttfa_max=0.0 since_task=0s steps=85 done=23 page_open=24/24 phase=Live browser agents — 23/24 done · 1 active · 85 s
  [88s] status=running users=5 tasks=2 sites=3 agents=24 acted=24/24 ttfa_median=0.0 ttfa_max=0.0 since_task=0s steps=85 done=23 page_open=24/24 phase=Live browser agents — 23/24 done · 1 active · 85 s
  [89s] status=running users=5 tasks=2 sites=3 agents=24 acted=24/24 ttfa_median=0.0 ttfa_max=0.0 since_task=0s steps=85 done=23 page_open=24/24 phase=Live browser agents — 23/24 done · 1 active · 85 s
  [90s] status=running users=5 tasks=2 sites=3 agents=24 acted=24/24 ttfa_median=0.0 ttfa_max=0.0 since_task=0s steps=85 done=23 page_open=24/24 phase=Live browser agents — 23/24 done · 1 active · 85 s
  [91s] status=running users=5 tasks=2 sites=3 agents=24 acted=24/24 ttfa_median=0.0 ttfa_max=0.0 since_task=0s steps=85 done=23 page_open=24/24 phase=Live browser agents — 23/24 done · 1 active · 85 s
  [93s] status=running users=5 tasks=2 sites=3 agents=24 acted=24/24 ttfa_median=0.0 ttfa_max=0.0 since_task=0s steps=85 done=23 page_open=24/24 phase=Live browser agents — 23/24 done · 1 active · 85 s
  [94s] status=running users=5 tasks=2 sites=3 agents=24 acted=24/24 ttfa_median=0.0 ttfa_max=0.0 since_task=0s steps=85 done=23 page_open=24/24 phase=Live browser agents — 23/24 done · 1 active · 85 s
  [95s] status=running users=5 tasks=2 sites=3 agents=24 acted=24/24 ttfa_median=0.0 ttfa_max=0.0 since_task=0s steps=85 done=23 page_open=24/24 phase=Live browser agents — 23/24 done · 1 active · 85 s
  [96s] status=running users=5 tasks=2 sites=3 agents=24 acted=24/24 ttfa_median=0.0 ttfa_max=0.0 since_task=0s steps=85 done=23 page_open=24/24 phase=Live browser agents — 23/24 done · 1 active · 85 s
  [97s] status=running users=5 tasks=2 sites=3 agents=24 acted=24/24 ttfa_median=0.0 ttfa_max=0.0 since_task=0s steps=85 done=23 page_open=24/24 phase=Live browser agents — 23/24 done · 1 active · 85 s
  [98s] status=running users=5 tasks=2 sites=3 agents=24 acted=24/24 ttfa_median=0.0 ttfa_max=0.0 since_task=0s steps=85 done=23 page_open=24/24 phase=Live browser agents — 23/24 done · 1 active · 85 s
  [99s] status=running users=5 tasks=2 sites=3 agents=24 acted=24/24 ttfa_median=0.0 ttfa_max=0.0 since_task=0s steps=85 done=23 page_open=24/24 phase=Live browser agents — 23/24 done · 1 active · 85 s
  [100s] status=running users=5 tasks=2 sites=3 agents=24 acted=24/24 ttfa_median=0.0 ttfa_max=0.0 since_task=0s steps=85 done=23 page_open=24/24 phase=Live browser agents — 23/24 done · 1 active · 85 s
  [101s] status=running users=5 tasks=2 sites=3 agents=24 acted=24/24 ttfa_median=0.0 ttfa_max=0.0 since_task=0s steps=85 done=23 page_open=24/24 phase=Live browser agents — 23/24 done · 1 active · 85 s
  [102s] status=running users=5 tasks=2 sites=3 agents=24 acted=24/24 ttfa_median=0.0 ttfa_max=0.0 since_task=0s steps=85 done=23 page_open=24/24 phase=Live browser agents — 23/24 done · 1 active · 85 s
  [103s] status=running users=5 tasks=2 sites=3 agents=24 acted=24/24 ttfa_median=0.0 ttfa_max=0.0 since_task=0s steps=85 done=23 page_open=24/24 phase=Live browser agents — 23/24 done · 1 active · 85 s
  [104s] status=running users=5 tasks=2 sites=3 agents=24 acted=24/24 ttfa_median=0.0 ttfa_max=0.0 since_task=0s steps=85 done=23 page_open=24/24 phase=Live browser agents — 23/24 done · 1 active · 85 s
  [105s] status=running users=5 tasks=2 sites=3 agents=24 acted=24/24 ttfa_median=0.0 ttfa_max=0.0 since_task=0s steps=85 done=23 page_open=24/24 phase=Live browser agents — 23/24 done · 1 active · 85 s
  [106s] status=running users=5 tasks=2 sites=3 agents=24 acted=24/24 ttfa_median=0.0 ttfa_max=0.0 since_task=0s steps=85 done=23 page_open=24/24 phase=Live browser agents — 23/24 done · 1 active · 85 s
  [107s] status=running users=5 tasks=2 sites=3 agents=24 acted=24/24 ttfa_median=0.0 ttfa_max=0.0 since_task=0s steps=85 done=23 page_open=24/24 phase=Live browser agents — 23/24 done · 1 active · 85 s
  [108s] status=running users=5 tasks=2 sites=3 agents=24 acted=24/24 ttfa_median=0.0 ttfa_max=0.0 since_task=0s steps=85 done=23 page_open=24/24 phase=Live browser agents — 23/24 done · 1 active · 85 s
  [109s] status=running users=5 tasks=2 sites=3 agents=24 acted=24/24 ttfa_median=0.0 ttfa_max=0.0 since_task=0s steps=85 done=23 page_open=24/24 phase=Live browser agents — 23/24 done · 1 active · 85 s
  [110s] status=running users=5 tasks=2 sites=3 agents=24 acted=24/24 ttfa_median=0.0 ttfa_max=0.0 since_task=0s steps=85 done=23 page_open=24/24 phase=Live browser agents — 23/24 done · 1 active · 85 s
  [111s] status=running users=5 tasks=2 sites=3 agents=24 acted=24/24 ttfa_median=0.0 ttfa_max=0.0 since_task=0s steps=85 done=23 page_open=24/24 phase=Live browser agents — 23/24 done · 1 active · 85 s
  [112s] status=running users=5 tasks=2 sites=3 agents=24 acted=24/24 ttfa_median=0.0 ttfa_max=0.0 since_task=0s steps=85 done=23 page_open=24/24 phase=Live browser agents — 23/24 done · 1 active · 85 s
  [113s] status=running users=5 tasks=2 sites=3 agents=24 acted=24/24 ttfa_median=0.0 ttfa_max=0.0 since_task=0s steps=85 done=23 page_open=24/24 phase=Live browser agents — 23/24 done · 1 active · 85 s
  [114s] status=running users=5 tasks=2 sites=3 agents=24 acted=24/24 ttfa_median=0.0 ttfa_max=0.0 since_task=0s steps=85 done=23 page_open=24/24 phase=Live browser agents — 23/24 done · 1 active · 85 s
  [115s] status=running users=5 tasks=2 sites=3 agents=24 acted=24/24 ttfa_median=0.0 ttfa_max=0.0 since_task=0s steps=85 done=23 page_open=24/24 phase=Live browser agents — 23/24 done · 1 active · 85 s
  [116s] status=running users=5 tasks=2 sites=3 agents=24 acted=24/24 ttfa_median=0.0 ttfa_max=0.0 since_task=0s steps=85 done=23 page_open=24/24 phase=Live browser agents — 23/24 done · 1 active · 85 s
  [117s] status=running users=5 tasks=2 sites=3 agents=24 acted=24/24 ttfa_median=0.0 ttfa_max=0.0 since_task=0s steps=85 done=23 page_open=24/24 phase=Live browser agents — 23/24 done · 1 active · 85 s
  [118s] status=running users=5 tasks=2 sites=3 agents=24 acted=24/24 ttfa_median=0.0 ttfa_max=0.0 since_task=0s steps=85 done=23 page_open=24/24 phase=Live browser agents — 23/24 done · 1 active · 85 s
  [119s] status=running users=5 tasks=2 sites=3 agents=24 acted=24/24 ttfa_median=0.0 ttfa_max=0.0 since_task=0s steps=85 done=23 page_open=24/24 phase=Live browser agents — 23/24 done · 1 active · 85 s
  [120s] status=running users=5 tasks=2 sites=3 agents=24 acted=24/24 ttfa_median=0.0 ttfa_max=0.0 since_task=0s steps=85 done=23 page_open=24/24 phase=Live browser agents — 23/24 done · 1 active · 85 s
  [121s] status=running users=5 tasks=2 sites=3 agents=24 acted=24/24 ttfa_median=0.0 ttfa_max=0.0 since_task=0s steps=85 done=23 page_open=24/24 phase=Live browser agents — 23/24 done · 1 active · 85 s
  [122s] status=running users=5 tasks=2 sites=3 agents=24 acted=24/24 ttfa_median=0.0 ttfa_max=0.0 since_task=0s steps=85 done=23 page_open=24/24 phase=Live browser agents — 23/24 done · 1 active · 85 s
  [123s] status=running users=5 tasks=2 sites=3 agents=24 acted=24/24 ttfa_median=0.0 ttfa_max=0.0 since_task=0s steps=85 done=23 page_open=24/24 phase=Live browser agents — 23/24 done · 1 active · 85 s
  [124s] status=running users=5 tasks=2 sites=3 agents=24 acted=24/24 ttfa_median=0.0 ttfa_max=0.0 since_task=0s steps=85 done=23 page_open=24/24 phase=Live browser agents — 23/24 done · 1 active · 85 s
  [125s] status=running users=5 tasks=2 sites=3 agents=24 acted=24/24 ttfa_median=0.0 ttfa_max=0.0 since_task=0s steps=85 done=23 page_open=24/24 phase=Live browser agents — 23/24 done · 1 active · 85 s
  [126s] status=running users=5 tasks=2 sites=3 agents=24 acted=24/24 ttfa_median=0.0 ttfa_max=0.0 since_task=0s steps=85 done=23 page_open=24/24 phase=Live browser agents — 23/24 done · 1 active · 85 s
  [127s] status=running users=5 tasks=2 sites=3 agents=24 acted=24/24 ttfa_median=0.0 ttfa_max=0.0 since_task=0s steps=85 done=23 page_open=24/24 phase=Live browser agents — 23/24 done · 1 active · 85 s
  [129s] status=running users=5 tasks=2 sites=3 agents=24 acted=24/24 ttfa_median=0.0 ttfa_max=0.0 since_task=0s steps=85 done=23 page_open=24/24 phase=Live browser agents — 23/24 done · 1 active · 85 s
  [130s] status=running users=5 tasks=2 sites=3 agents=24 acted=24/24 ttfa_median=0.0 ttfa_max=0.0 since_task=0s steps=85 done=23 page_open=24/24 phase=Live browser agents — 23/24 done · 1 active · 85 s
  [131s] status=running users=5 tasks=2 sites=3 agents=24 acted=24/24 ttfa_median=0.0 ttfa_max=0.0 since_task=0s steps=85 done=23 page_open=24/24 phase=Live browser agents — 23/24 done · 1 active · 85 s
  [132s] status=running users=5 tasks=2 sites=3 agents=24 acted=24/24 ttfa_median=0.0 ttfa_max=0.0 since_task=0s steps=85 done=23 page_open=24/24 phase=Live browser agents — 23/24 done · 1 active · 85 s
  [133s] status=running users=5 tasks=2 sites=3 agents=24 acted=24/24 ttfa_median=0.0 ttfa_max=0.0 since_task=0s steps=85 done=23 page_open=24/24 phase=Live browser agents — 23/24 done · 1 active · 85 s
  [134s] status=running users=5 tasks=2 sites=3 agents=24 acted=24/24 ttfa_median=0.0 ttfa_max=0.0 since_task=0s steps=85 done=23 page_open=24/24 phase=Live browser agents — 23/24 done · 1 active · 85 s
  [135s] status=running users=5 tasks=2 sites=3 agents=24 acted=24/24 ttfa_median=0.0 ttfa_max=0.0 since_task=0s steps=85 done=23 page_open=24/24 phase=Live browser agents — 23/24 done · 1 active · 85 s
  [136s] status=running users=5 tasks=2 sites=3 agents=24 acted=24/24 ttfa_median=0.0 ttfa_max=0.0 since_task=0s steps=85 done=23 page_open=24/24 phase=Live browser agents — 23/24 done · 1 active · 85 s
  [137s] status=running users=5 tasks=2 sites=3 agents=24 acted=24/24 ttfa_median=0.0 ttfa_max=0.0 since_task=0s steps=85 done=23 page_open=24/24 phase=Live browser agents — 23/24 done · 1 active · 85 s
  [138s] status=running users=5 tasks=2 sites=3 agents=24 acted=24/24 ttfa_median=0.0 ttfa_max=0.0 since_task=0s steps=85 done=23 page_open=24/24 phase=Live browser agents — 23/24 done · 1 active · 85 s
  [139s] status=running users=5 tasks=2 sites=3 agents=24 acted=24/24 ttfa_median=0.0 ttfa_max=0.0 since_task=0s steps=85 done=23 page_open=24/24 phase=Live browser agents — 23/24 done · 1 active · 85 s
  [140s] status=running users=5 tasks=2 sites=3 agents=24 acted=24/24 ttfa_median=0.0 ttfa_max=0.0 since_task=0s steps=85 done=23 page_open=24/24 phase=Live browser agents — 23/24 done · 1 active · 85 s
  [141s] status=running users=5 tasks=2 sites=3 agents=24 acted=24/24 ttfa_median=0.0 ttfa_max=0.0 since_task=0s steps=85 done=23 page_open=24/24 phase=Live browser agents — 23/24 done · 1 active · 85 s
  [142s] status=running users=5 tasks=2 sites=3 agents=24 acted=24/24 ttfa_median=0.0 ttfa_max=0.0 since_task=0s steps=85 done=23 page_open=24/24 phase=Live browser agents — 23/24 done · 1 active · 85 s
  [143s] status=running users=5 tasks=2 sites=3 agents=24 acted=24/24 ttfa_median=0.0 ttfa_max=0.0 since_task=0s steps=85 done=23 page_open=24/24 phase=Live browser agents — 23/24 done · 1 active · 85 s
  [144s] status=running users=5 tasks=2 sites=3 agents=24 acted=24/24 ttfa_median=0.0 ttfa_max=0.0 since_task=0s steps=85 done=23 page_open=24/24 phase=Live browser agents — 23/24 done · 1 active · 85 s
  [145s] status=running users=5 tasks=2 sites=3 agents=24 acted=24/24 ttfa_median=0.0 ttfa_max=0.0 since_task=0s steps=85 done=23 page_open=24/24 phase=Live browser agents — 23/24 done · 1 active · 85 s
  [146s] status=running users=5 tasks=2 sites=3 agents=24 acted=24/24 ttfa_median=0.0 ttfa_max=0.0 since_task=0s steps=85 done=23 page_open=24/24 phase=Live browser agents — 23/24 done · 1 active · 85 s
  [147s] status=running users=5 tasks=2 sites=3 agents=24 acted=24/24 ttfa_median=0.0 ttfa_max=0.0 since_task=0s steps=85 done=23 page_open=24/24 phase=Live browser agents — 23/24 done · 1 active · 85 s
  [148s] status=running users=5 tasks=2 sites=3 agents=24 acted=24/24 ttfa_median=0.0 ttfa_max=0.0 since_task=0s steps=85 done=23 page_open=24/24 phase=Live browser agents — 23/24 done · 1 active · 85 s
  [149s] status=running users=5 tasks=2 sites=3 agents=24 acted=24/24 ttfa_median=0.0 ttfa_max=0.0 since_task=0s steps=85 done=23 page_open=24/24 phase=Live browser agents — 23/24 done · 1 active · 85 s
  [150s] status=running users=5 tasks=2 sites=3 agents=24 acted=24/24 ttfa_median=0.0 ttfa_max=0.0 since_task=0s steps=85 done=23 page_open=24/24 phase=Live browser agents — 23/24 done · 1 active · 85 s
  [151s] status=running users=5 tasks=2 sites=3 agents=24 acted=24/24 ttfa_median=0.0 ttfa_max=0.0 since_task=0s steps=85 done=23 page_open=24/24 phase=Live browser agents — 23/24 done · 1 active · 85 s
  [152s] status=running users=5 tasks=2 sites=3 agents=24 acted=24/24 ttfa_median=0.0 ttfa_max=0.0 since_task=0s steps=85 done=23 page_open=24/24 phase=Live browser agents — 23/24 done · 1 active · 85 s
  [153s] status=running users=5 tasks=2 sites=3 agents=24 acted=24/24 ttfa_median=0.0 ttfa_max=0.0 since_task=0s steps=85 done=23 page_open=24/24 phase=Live browser agents — 23/24 done · 1 active · 85 s
  [154s] status=running users=5 tasks=2 sites=3 agents=24 acted=24/24 ttfa_median=0.0 ttfa_max=0.0 since_task=0s steps=85 done=23 page_open=24/24 phase=Live browser agents — 23/24 done · 1 active · 85 s
  [155s] status=running users=5 tasks=2 sites=3 agents=24 acted=24/24 ttfa_median=0.0 ttfa_max=0.0 since_task=0s steps=85 done=23 page_open=24/24 phase=Live browser agents — 23/24 done · 1 active · 85 s
  [156s] status=running users=5 tasks=2 sites=3 agents=24 acted=24/24 ttfa_median=0.0 ttfa_max=0.0 since_task=0s steps=85 done=23 page_open=24/24 phase=Live browser agents — 23/24 done · 1 active · 85 s
  [157s] status=running users=5 tasks=2 sites=3 agents=24 acted=24/24 ttfa_median=0.0 ttfa_max=0.0 since_task=0s steps=85 done=23 page_open=24/24 phase=Live browser agents — 23/24 done · 1 active · 85 s
  [158s] status=running users=5 tasks=2 sites=3 agents=24 acted=24/24 ttfa_median=0.0 ttfa_max=0.0 since_task=0s steps=85 done=23 page_open=24/24 phase=Live browser agents — 23/24 done · 1 active · 85 s
  [159s] status=running users=5 tasks=2 sites=3 agents=24 acted=24/24 ttfa_median=0.0 ttfa_max=0.0 since_task=0s steps=85 done=23 page_open=24/24 phase=Live browser agents — 23/24 done · 1 active · 85 s
  [160s] status=running users=5 tasks=2 sites=3 agents=24 acted=24/24 ttfa_median=0.0 ttfa_max=0.0 since_task=0s steps=85 done=23 page_open=24/24 phase=Live browser agents — 23/24 done · 1 active · 85 s
  [161s] status=running users=5 tasks=2 sites=3 agents=24 acted=24/24 ttfa_median=0.0 ttfa_max=0.0 since_task=0s steps=85 done=23 page_open=24/24 phase=Live browser agents — 23/24 done · 1 active · 85 s
  [162s] status=running users=5 tasks=2 sites=3 agents=24 acted=24/24 ttfa_median=0.0 ttfa_max=0.0 since_task=0s steps=85 done=23 page_open=24/24 phase=Live browser agents — 23/24 done · 1 active · 85 s
  [163s] status=running users=5 tasks=2 sites=3 agents=24 acted=24/24 ttfa_median=0.0 ttfa_max=0.0 since_task=0s steps=85 done=23 page_open=24/24 phase=Live browser agents — 23/24 done · 1 active · 85 s
  [164s] status=running users=5 tasks=2 sites=3 agents=24 acted=24/24 ttfa_median=0.0 ttfa_max=0.0 since_task=0s steps=85 done=23 page_open=24/24 phase=Live browser agents — 23/24 done · 1 active · 85 s
  [166s] status=running users=5 tasks=2 sites=3 agents=24 acted=24/24 ttfa_median=0.0 ttfa_max=0.0 since_task=0s steps=85 done=23 page_open=24/24 phase=Live browser agents — 23/24 done · 1 active · 85 s
  [167s] status=running users=5 tasks=2 sites=3 agents=24 acted=24/24 ttfa_median=0.0 ttfa_max=0.0 since_task=0s steps=85 done=23 page_open=24/24 phase=Live browser agents — 23/24 done · 1 active · 85 s
  [168s] status=running users=5 tasks=2 sites=3 agents=24 acted=24/24 ttfa_median=0.0 ttfa_max=0.0 since_task=0s steps=85 done=23 page_open=24/24 phase=Live browser agents — 23/24 done · 1 active · 85 s
  [169s] status=running users=5 tasks=2 sites=3 agents=24 acted=24/24 ttfa_median=0.0 ttfa_max=0.0 since_task=0s steps=85 done=23 page_open=24/24 phase=Live browser agents — 23/24 done · 1 active · 85 s
  [170s] status=running users=5 tasks=2 sites=3 agents=24 acted=24/24 ttfa_median=0.0 ttfa_max=0.0 since_task=0s steps=85 done=23 page_open=24/24 phase=Live browser agents — 23/24 done · 1 active · 85 s
  [171s] status=running users=5 tasks=2 sites=3 agents=24 acted=24/24 ttfa_median=0.0 ttfa_max=0.0 since_task=0s steps=85 done=23 page_open=24/24 phase=Live browser agents — 23/24 done · 1 active · 85 s
  [172s] status=running users=5 tasks=2 sites=3 agents=24 acted=24/24 ttfa_median=0.0 ttfa_max=0.0 since_task=0s steps=85 done=23 page_open=24/24 phase=Live browser agents — 23/24 done · 1 active · 85 s
  [173s] status=running users=5 tasks=2 sites=3 agents=24 acted=24/24 ttfa_median=0.0 ttfa_max=0.0 since_task=0s steps=85 done=23 page_open=24/24 phase=Live browser agents — 23/24 done · 1 active · 85 s
  [174s] status=running users=5 tasks=2 sites=3 agents=24 acted=24/24 ttfa_median=0.0 ttfa_max=0.0 since_task=0s steps=86 done=23 page_open=24/24 phase=Live browser agents — 23/24 done · 1 active · 86 s
  [175s] status=running users=5 tasks=2 sites=3 agents=24 acted=24/24 ttfa_median=0.0 ttfa_max=0.0 since_task=0s steps=86 done=23 page_open=24/24 phase=Live browser agents — 23/24 done · 1 active · 86 s
  [176s] status=running users=5 tasks=2 sites=3 agents=24 acted=24/24 ttfa_median=0.0 ttfa_max=0.0 since_task=0s steps=86 done=23 page_open=24/24 phase=Live browser agents — 23/24 done · 1 active · 86 s
  [177s] status=running users=5 tasks=2 sites=3 agents=24 acted=24/24 ttfa_median=0.0 ttfa_max=0.0 since_task=0s steps=86 done=23 page_open=24/24 phase=Live browser agents — 23/24 done · 1 active · 86 s
  [178s] status=running users=5 tasks=2 sites=3 agents=24 acted=24/24 ttfa_median=0.0 ttfa_max=0.0 since_task=0s steps=86 done=23 page_open=24/24 phase=Live browser agents — 23/24 done · 1 active · 86 s
  [179s] status=running users=5 tasks=2 sites=3 agents=24 acted=24/24 ttfa_median=0.0 ttfa_max=0.0 since_task=0s steps=86 done=23 page_open=24/24 phase=Live browser agents — 23/24 done · 1 active · 86 s
  [180s] status=running users=5 tasks=2 sites=3 agents=24 acted=24/24 ttfa_median=0.0 ttfa_max=0.0 since_task=0s steps=86 done=23 page_open=24/24 phase=Live browser agents — 23/24 done · 1 active · 86 s
  [181s] status=running users=5 tasks=2 sites=3 agents=24 acted=24/24 ttfa_median=0.0 ttfa_max=0.0 since_task=0s steps=86 done=24 page_open=24/24 phase=Writing executive summary
  [182s] status=running users=5 tasks=2 sites=3 agents=24 acted=24/24 ttfa_median=0.0 ttfa_max=0.0 since_task=0s steps=86 done=24 page_open=24/24 phase=Writing executive summary
  [183s] status=running users=5 tasks=2 sites=3 agents=24 acted=24/24 ttfa_median=0.0 ttfa_max=0.0 since_task=0s steps=86 done=24 page_open=24/24 phase=Writing executive summary
  [184s] status=running users=5 tasks=2 sites=3 agents=24 acted=24/24 ttfa_median=0.0 ttfa_max=0.0 since_task=0s steps=86 done=24 page_open=24/24 phase=Writing executive summary
  report_ready +185.1s
  [185s] status=complete users=5 tasks=2 sites=3 agents=24 acted=24/24 ttfa_median=0.0 ttfa_max=0.0 since_task=1s steps=86 done=24 page_open=24/24 phase=Complete
  timing: run→first_task=184.488s run→all_tasks=184.488s REAL shot p50/p95/max=-166.111/-138.486/-3.894s missing_real=1 warm={}
Direct use of automatic function calling (AFC) in Models.generate_content is not recommended. Instead, we recommend to use AFC in Chat.send_message. Similarly, direct use of AFC in Models.generate_content_stream is not recommended. Instead, we recommend to use AFC in Chat.send_message_stream.
  goal t1__p1__product reached=True opening=False url=https://excalidraw.com/ A rectangle has been successfully drawn on the canvas.
  goal t1__p1__competitor_1 reached=True opening=False url=https://www.tldraw.com/ A rectangle has been successfully drawn on the canvas.
  goal t1__p1__competitor_2 reached=False opening=True url=https://miro.com/online-whiteboard/ The agent is still on the Miro homepage and has not interacted with the canvas to draw a rectangle.
  goal t2__p1__product reached=True opening=False url=https://excalidraw.com/ The screenshot shows the export image dialog, which is the goal of the task.
  goal t2__p1__competitor_1 reached=True opening=False url=https://www.tldraw.com/ The agent successfully navigated to the export menu and displayed the export options, fulfilling the task goal.
  goal t2__p1__competitor_2 reached=False opening=True url=https://miro.com/signup/ The agent landed on the signup page instead of the main product page, and the task was to find export/share options on the competitor website, which requires being on the actual product/canvas.
  goal t1__p2__product reached=True opening=False url=https://excalidraw.com/ A rectangle was successfully drawn on the canvas.
  goal t1__p2__competitor_1 reached=True opening=False url=https://www.tldraw.com/ A rectangle has been successfully drawn on the canvas.
  goal t1__p2__competitor_2 reached=False opening=True url=https://miro.com/signup/ The agent is still on the signup page and has not interacted with the canvas to draw a rectangle.
  goal t2__p2__product reached=True opening=False url=https://excalidraw.com/ The screenshot shows the export image dialog, indicating the user has successfully found how to export the drawing.
  goal t2__p2__competitor_1 reached=True opening=False url=https://www.tldraw.com/ The agent successfully navigated to the competitor website and opened the export menu, which allows for sharing or exporting the drawing.
  goal t2__p2__competitor_2 reached=False opening=False url=https://miro.com/ The agent is on a help page about sharing boards, not on the actual Miro product interface where one would export or share a drawing.
  goal t1__p3__product reached=True opening=False url=https://excalidraw.com/ A rectangle with rounded corners has been drawn on the canvas.
  goal t1__p3__competitor_1 reached=True opening=False url=https://www.tldraw.com/ A rectangle has been successfully drawn on the canvas.
  goal t1__p3__competitor_2 reached=False opening=False url=https://miro.com/signup/ The agent is on the Miro website but is presented with a signup modal instead of the canvas where a rectangle could be drawn.
  goal t2__p3__product reached=True opening=False url=https://excalidraw.com/ The screenshot shows the export image dialog, which is the goal of the task.
  goal t2__p3__competitor_1 reached=True opening=False url=https://www.tldraw.com/ The user successfully navigated to the export menu and can see options to export the drawing.
  goal judge failed t2__p3__competitor_2: RuntimeError("no downloadable PNG (URLError(ConnectionRefusedError(111, 'Connection refused')))")
  goal judge failed t1__p4__product: RuntimeError("no downloadable PNG (URLError(ConnectionRefusedError(111, 'Connection refused')))")
  goal judge failed t1__p4__competitor_1: RuntimeError("no downloadable PNG (URLError(ConnectionRefusedError(111, 'Connection refused')))")
  goal judge failed t1__p4__competitor_2: RuntimeError("no downloadable PNG (URLError(ConnectionRefusedError(111, 'Connection refused')))")
  goal judge failed t2__p4__product: RuntimeError("no downloadable PNG (URLError(ConnectionRefusedError(111, 'Connection refused')))")
  goal judge failed t2__p4__competitor_1: RuntimeError("no downloadable PNG (URLError(ConnectionRefusedError(111, 'Connection refused')))")
  goal judge failed t2__p4__competitor_2: RuntimeError("no downloadable PNG (URLError(ConnectionRefusedError(111, 'Connection refused')))")
  report page fetch failed: URLError(ConnectionRefusedError(111, 'Connection refused'))
Wrote /tmp/usersim_e2e2_excalidraw24b/failures.json (12 failed runs)
# Strict e2e gates

## Headline

- `time_to_first_value`: 1.288s (threshold <= 10s from URL submit until the first click, type, or scroll is visible in the live UI) PASS
- `total_time`: 185.086s (threshold <= 480s from URL submit until the report is ready) PASS

- study: 4f9a0748-7aae-4349-9f8e-b921a66d6d78
- product: https://excalidraw.com
- pass: false
- failure file: /tmp/usersim_e2e2_excalidraw24b/failures.json
- failed runs: our infrastructure=0, model timeout=0, stuck=0, product=12, no_first_action=0

| Gate | Value | Threshold | Result |
| --- | --- | --- | --- |
| Time to first value (`time_to_first_value`) | 1.288s | <= 10s from URL submit until the first click, type, or scroll is visible in the live UI | PASS |
| Total time (`total_time`) | 185.086s | <= 480s from URL submit until the report is ready | PASS |
| Full 24-agent matrix (`full_matrix`) | 24 | >= 24 (smaller runs are smoke-only) | PASS |
| Agent count (`agent_count`) | 24 | >= 24 | PASS |
| Persona count (`persona_count`) | 5 | >= 4 | PASS |
| Task count (`task_count`) | 2 | >= 2 | PASS |
| Site count (`site_count`) | 3 | >= 3 | PASS |
| Page opened on the assigned site (`page_opened`) | 24/24 within 5s | <= 5s from agent creation, URL host matches the assigned site, accessibility tree present | PASS |
| Study completed with a summary (`study_complete`) | complete | status=complete, summary present, no harness abort | PASS |
| Study budget (`study_budget`) | 185.5s | <= 480s for the whole study (observed max 408s) | PASS |
| First real action (`first_action`) | not measured | live abort is time_to_first_action | PASS |
| Time to first action (`time_to_first_action`) | median=0.0s max=0.0s n=24/24 | median <= 5s and max <= 10s at 24 agents | PASS |
| Per-phase milliseconds (`phase_ms`) | 24/24 | each agent has phase_ms.session_ready, page_open, first_action, final_screenshot | PASS |
| Final screenshot (`final_screenshot`) | 24/24 | each agent has final_screenshot_url (one async capture for the judge) | PASS |
| Final URL and page text for the judge (`judge_inputs`) | 24/24 | final_url plus state_sig.text or ax_tree on every agent | PASS |
| Failed-step phase and reason (`failed_step`) | 12 failed runs | every failed run has failed_step.phase and failed_step.reason | PASS |
| Product task completion (`product_task_completion`) | 6/8 (75%) | >= 50% of product runs (>= 4/8) | PASS |
| Bland-style report page (`report_page`) | http://127.0.0.1:3000/report?study=4f9a0748-7aae-4349-9f8e-b921a66d6d78 | /report?study=<id> shell with overview and trace tabs | FAIL |
| Every task has a completion rate (`task_completion_rates`) | 2 tasks | each task has a product ok/n rate | PASS |
| Product strength from a run past the first screen (`product_strength`) | 0/2 | >= 1 strength with agent, step, AX or URL, and the final screenshot | FAIL |
| Product weakness from a run past the first screen (`product_weakness`) | 0/3 | >= 1 weakness with agent, step, AX or URL, and the final screenshot | FAIL |
| Top weakness is not only the homepage stall (`top_weakness_not_homepage_only`) | 6 of 8 product runs stopped on the first screen, so feature-level weaknesses are thin in these traces. | at least one weakness is a real product issue from a run past the first screen | FAIL |
| Run issues listed separately from product friction (`run_issues_separate`) | 0 listed | insights.run_issues is its own list; harness errors are not product weaknesses | PASS |
| Run issue share (`run_issue_rate`) | 0/24 (0%) | <= 25% of runs | PASS |
| Browserbase and concurrency losses count against the run (`infra_honesty`) | losses=0 silent=0 counted_as_success=0 | 0 silently excluded, 0 counted as task success | PASS |
| First-screen and opening-frame runs stay in the product denominator (`first_screen_not_excluded`) | opening_or_first_screen=8 product_n=8 excluded=0 | excluded=0 (a stuck run is a failure, not a drop) | PASS |

## Competitor task completion

Reported separately. These runs do not count toward the product gate.

- https://www.tldraw.com/ (competitor_1): 6/8
- https://miro.com/ (competitor_2): 0/8

## Product task completion

- confirmed: 6/8
- past the first screen (structural): 0
- first screen or opening frame: 8

## Failed gates

- report_page: value=http://127.0.0.1:3000/report?study=4f9a0748-7aae-4349-9f8e-b921a66d6d78 threshold=/report?study=<id> shell with overview and trace tabs (missing markers: data-tab="analytics", data-tab="traces", id="analytics-root", id="tab-traces", Overview, Trace drill-down)
- product_strength: value=0/2 threshold=>= 1 strength with agent, step, AX or URL, and the final screenshot
- product_weakness: value=0/3 threshold=>= 1 weakness with agent, step, AX or URL, and the final screenshot
- top_weakness_not_homepage_only: value=6 of 8 product runs stopped on the first screen, so feature-level weaknesses are thin in these traces. threshold=at least one weakness is a real product issue from a run past the first screen (real_weaknesses=0)

released browserbase owner=taskfix study=* {'found': 0, 'released': 0, 'failed': [], 'session_ids': [], 'kept_prime': 0, 'owner': 'taskfix', 'study_id': None}
Traceback (most recent call last):
  File "/usr/lib/python3.12/asyncio/runners.py", line 118, in run
    return self._loop.run_until_complete(task)
           ^^^^^^^^^^^^^^^^^^^^^^^^^^^^^^^^^^^
  File "/usr/lib/python3.12/asyncio/base_events.py", line 687, in run_until_complete
    return future.result()
           ^^^^^^^^^^^^^^^
  File "/workspace/mvp/e2e2_matrix.py", line 875, in run_e2e2
    await page.evaluate(
  File "/home/ubuntu/.local/lib/python3.12/site-packages/playwright/async_api/_generated.py", line 9389, in evaluate
    await self._impl_obj.evaluate(
  File "/home/ubuntu/.local/lib/python3.12/site-packages/playwright/_impl/_page.py", line 472, in evaluate
    return await self._main_frame.evaluate(expression, arg)
           ^^^^^^^^^^^^^^^^^^^^^^^^^^^^^^^^^^^^^^^^^^^^^^^^
  File "/home/ubuntu/.local/lib/python3.12/site-packages/playwright/_impl/_frame.py", line 345, in evaluate
    await self._channel.send(
  File "/home/ubuntu/.local/lib/python3.12/site-packages/playwright/_impl/_connection.py", line 76, in send
    return await self._connection.wrap_api_call(
           ^^^^^^^^^^^^^^^^^^^^^^^^^^^^^^^^^^^^^
  File "/home/ubuntu/.local/lib/python3.12/site-packages/playwright/_impl/_connection.py", line 630, in wrap_api_call
    return await cb()
           ^^^^^^^^^^
  File "/home/ubuntu/.local/lib/python3.12/site-packages/playwright/_impl/_connection.py", line 147, in _inner_send
    done, _ = await asyncio.wait(
              ^^^^^^^^^^^^^^^^^^^
  File "/usr/lib/python3.12/asyncio/tasks.py", line 464, in wait
    return await _wait(fs, timeout, return_when, loop)
           ^^^^^^^^^^^^^^^^^^^^^^^^^^^^^^^^^^^^^^^^^^^
  File "/usr/lib/python3.12/asyncio/tasks.py", line 550, in _wait
    await waiter
asyncio.exceptions.CancelledError

During handling of the above exception, another exception occurred:

Traceback (most recent call last):
  File "/workspace/mvp/e2e2_matrix.py", line 1046, in <module>
    raise SystemExit(main())
                     ^^^^^^
  File "/workspace/mvp/e2e2_matrix.py", line 1008, in main
    result = asyncio.run(run_e2e2(args))
             ^^^^^^^^^^^^^^^^^^^^^^^^^^^
  File "/usr/lib/python3.12/asyncio/runners.py", line 194, in run
    return runner.run(main)
           ^^^^^^^^^^^^^^^^
  File "/usr/lib/python3.12/asyncio/runners.py", line 123, in run
    raise KeyboardInterrupt()
KeyboardInterrupt
